Component: ARM Compiler 5.06 update 5 (build 528) Tool: armlink [4d35e2]

==============================================================================

Section Cross References

    startup_stm32f10x_md.o(STACK) refers (Special) to heapauxi.o(.text) for __use_two_region_memory
    startup_stm32f10x_md.o(HEAP) refers (Special) to heapauxi.o(.text) for __use_two_region_memory
    startup_stm32f10x_md.o(RESET) refers (Special) to heapauxi.o(.text) for __use_two_region_memory
    startup_stm32f10x_md.o(RESET) refers to startup_stm32f10x_md.o(STACK) for __initial_sp
    startup_stm32f10x_md.o(RESET) refers to startup_stm32f10x_md.o(.text) for Reset_Handler
    startup_stm32f10x_md.o(RESET) refers to stm32f10x_it.o(i.NMI_Handler) for NMI_Handler
    startup_stm32f10x_md.o(RESET) refers to stm32f10x_it.o(i.HardFault_Handler) for HardFault_Handler
    startup_stm32f10x_md.o(RESET) refers to stm32f10x_it.o(i.MemManage_Handler) for MemManage_Handler
    startup_stm32f10x_md.o(RESET) refers to stm32f10x_it.o(i.BusFault_Handler) for BusFault_Handler
    startup_stm32f10x_md.o(RESET) refers to stm32f10x_it.o(i.UsageFault_Handler) for UsageFault_Handler
    startup_stm32f10x_md.o(RESET) refers to stm32f10x_it.o(i.SVC_Handler) for SVC_Handler
    startup_stm32f10x_md.o(RESET) refers to stm32f10x_it.o(i.DebugMon_Handler) for DebugMon_Handler
    startup_stm32f10x_md.o(RESET) refers to stm32f10x_it.o(i.PendSV_Handler) for PendSV_Handler
    startup_stm32f10x_md.o(RESET) refers to stm32f10x_it.o(i.SysTick_Handler) for SysTick_Handler
    startup_stm32f10x_md.o(RESET) refers to encoder.o(i.EXTI0_IRQHandler) for EXTI0_IRQHandler
    startup_stm32f10x_md.o(RESET) refers to encoder.o(i.EXTI1_IRQHandler) for EXTI1_IRQHandler
    startup_stm32f10x_md.o(RESET) refers to main.o(i.TIM2_IRQHandler) for TIM2_IRQHandler
    startup_stm32f10x_md.o(RESET) refers to countsensor.o(i.EXTI15_10_IRQHandler) for EXTI15_10_IRQHandler
    startup_stm32f10x_md.o(.text) refers (Special) to heapauxi.o(.text) for __use_two_region_memory
    startup_stm32f10x_md.o(.text) refers to system_stm32f10x.o(i.SystemInit) for SystemInit
    startup_stm32f10x_md.o(.text) refers to __main.o(!!!main) for __main
    startup_stm32f10x_md.o(.text) refers to startup_stm32f10x_md.o(HEAP) for Heap_Mem
    startup_stm32f10x_md.o(.text) refers to startup_stm32f10x_md.o(STACK) for Stack_Mem
    system_stm32f10x.o(i.SetSysClock) refers to system_stm32f10x.o(i.SetSysClockTo72) for SetSysClockTo72
    system_stm32f10x.o(i.SystemCoreClockUpdate) refers to system_stm32f10x.o(.data) for SystemCoreClock
    system_stm32f10x.o(i.SystemInit) refers to system_stm32f10x.o(i.SetSysClock) for SetSysClock
    stm32f10x_adc.o(i.ADC_DeInit) refers to stm32f10x_rcc.o(i.RCC_APB2PeriphResetCmd) for RCC_APB2PeriphResetCmd
    stm32f10x_bkp.o(i.BKP_DeInit) refers to stm32f10x_rcc.o(i.RCC_BackupResetCmd) for RCC_BackupResetCmd
    stm32f10x_can.o(i.CAN_DeInit) refers to stm32f10x_rcc.o(i.RCC_APB1PeriphResetCmd) for RCC_APB1PeriphResetCmd
    stm32f10x_can.o(i.CAN_GetITStatus) refers to stm32f10x_can.o(i.CheckITStatus) for CheckITStatus
    stm32f10x_cec.o(i.CEC_DeInit) refers to stm32f10x_rcc.o(i.RCC_APB1PeriphResetCmd) for RCC_APB1PeriphResetCmd
    stm32f10x_dac.o(i.DAC_DeInit) refers to stm32f10x_rcc.o(i.RCC_APB1PeriphResetCmd) for RCC_APB1PeriphResetCmd
    stm32f10x_flash.o(i.FLASH_EnableWriteProtection) refers to stm32f10x_flash.o(i.FLASH_WaitForLastOperation) for FLASH_WaitForLastOperation
    stm32f10x_flash.o(i.FLASH_EraseAllBank1Pages) refers to stm32f10x_flash.o(i.FLASH_WaitForLastBank1Operation) for FLASH_WaitForLastBank1Operation
    stm32f10x_flash.o(i.FLASH_EraseAllPages) refers to stm32f10x_flash.o(i.FLASH_WaitForLastOperation) for FLASH_WaitForLastOperation
    stm32f10x_flash.o(i.FLASH_EraseOptionBytes) refers to stm32f10x_flash.o(i.FLASH_GetReadOutProtectionStatus) for FLASH_GetReadOutProtectionStatus
    stm32f10x_flash.o(i.FLASH_EraseOptionBytes) refers to stm32f10x_flash.o(i.FLASH_WaitForLastOperation) for FLASH_WaitForLastOperation
    stm32f10x_flash.o(i.FLASH_ErasePage) refers to stm32f10x_flash.o(i.FLASH_WaitForLastOperation) for FLASH_WaitForLastOperation
    stm32f10x_flash.o(i.FLASH_ProgramHalfWord) refers to stm32f10x_flash.o(i.FLASH_WaitForLastOperation) for FLASH_WaitForLastOperation
    stm32f10x_flash.o(i.FLASH_ProgramOptionByteData) refers to stm32f10x_flash.o(i.FLASH_WaitForLastOperation) for FLASH_WaitForLastOperation
    stm32f10x_flash.o(i.FLASH_ProgramWord) refers to stm32f10x_flash.o(i.FLASH_WaitForLastOperation) for FLASH_WaitForLastOperation
    stm32f10x_flash.o(i.FLASH_ReadOutProtection) refers to stm32f10x_flash.o(i.FLASH_WaitForLastOperation) for FLASH_WaitForLastOperation
    stm32f10x_flash.o(i.FLASH_UserOptionByteConfig) refers to stm32f10x_flash.o(i.FLASH_WaitForLastOperation) for FLASH_WaitForLastOperation
    stm32f10x_flash.o(i.FLASH_WaitForLastBank1Operation) refers to stm32f10x_flash.o(i.FLASH_GetBank1Status) for FLASH_GetBank1Status
[...]
    ../clib/heapalloc.c                      0x00000000   Number         0  maybetermalloc2.o ABSOLUTE
    ../clib/heapalloc.c                      0x00000000   Number         0  maybetermalloc2.o ABSOLUTE
    ../clib/heapalloc.c                      0x00000000   Number         0  maybetermalloc1.o ABSOLUTE
    ../clib/heapaux.c                        0x00000000   Number         0  heapauxi.o ABSOLUTE
    ../clib/heapaux.c                        0x00000000   Number         0  heapauxa.o ABSOLUTE
    ../clib/libinit.s                        0x00000000   Number         0  libshutdown2.o ABSOLUTE
    ../clib/libinit.s                        0x00000000   Number         0  libshutdown.o ABSOLUTE
    ../clib/libinit.s                        0x00000000   Number         0  libinit2.o ABSOLUTE
    ../clib/libinit.s                        0x00000000   Number         0  libinit.o ABSOLUTE
    ../clib/locale.s                         0x00000000   Number         0  lc_numeric_c.o ABSOLUTE
    ../clib/longlong.s                       0x00000000   Number         0  lludiv10.o ABSOLUTE
    ../clib/memcpset.s                       0x00000000   Number         0  rt_memcpy_w.o ABSOLUTE
    ../clib/memcpset.s                       0x00000000   Number         0  strcmpv7m.o ABSOLUTE
    ../clib/misc.s                           0x00000000   Number         0  printf_stubs.o ABSOLUTE
    ../clib/printf.c                         0x00000000   Number         0  noretval__2snprintf.o ABSOLUTE
    ../clib/printf.c                         0x00000000   Number         0  _printf_char_common.o ABSOLUTE
    ../clib/printf.c                         0x00000000   Number         0  __printf_ss.o ABSOLUTE
    ../clib/printf.c                         0x00000000   Number         0  __2snprintf.o ABSOLUTE
    ../clib/printf.c                         0x00000000   Number         0  _snputc.o ABSOLUTE
    ../clib/printf.c                         0x00000000   Number         0  __printf_flags.o ABSOLUTE
    ../clib/printf.c                         0x00000000   Number         0  __printf_wp.o ABSOLUTE
    ../clib/printf.c                         0x00000000   Number         0  _sputc.o ABSOLUTE
    ../clib/printf.c                         0x00000000   Number         0  __printf.o ABSOLUTE
    ../clib/printf.c                         0x00000000   Number         0  __printf_flags_ss_wp.o ABSOLUTE
    ../clib/printf.c                         0x00000000   Number         0  __printf_ss_wp.o ABSOLUTE
    ../clib/printf.c                         0x00000000   Number         0  __printf_flags_wp.o ABSOLUTE
    ../clib/printf.c                         0x00000000   Number         0  _printf_fp_dec.o ABSOLUTE
    ../clib/printf.c                         0x00000000   Number         0  __printf_flags_ss.o ABSOLUTE
    ../clib/printf.c                         0x00000000   Number         0  __printf_nopercent.o ABSOLUTE
    ../clib/printf.c                         0x00000000   Number         0  _printf_fp_infnan.o ABSOLUTE
    ../clib/printf_percent.s                 0x00000000   Number         0  _printf_percent.o ABSOLUTE
    ../clib/printf_percent.s                 0x00000000   Number         0  _printf_f.o ABSOLUTE
    ../clib/printf_percent.s                 0x00000000   Number         0  _printf_percent_end.o ABSOLUTE
    ../clib/signal.c                         0x00000000   Number         0  defsig_general.o ABSOLUTE
    ../clib/signal.c                         0x00000000   Number         0  defsig_rtmem_formal.o ABSOLUTE
    ../clib/signal.c                         0x00000000   Number         0  defsig_rtmem_outer.o ABSOLUTE
    ../clib/signal.c                         0x00000000   Number         0  __raise.o ABSOLUTE
    ../clib/signal.c                         0x00000000   Number         0  defsig_stak_inner.o ABSOLUTE
    ../clib/signal.c                         0x00000000   Number         0  defsig_cppl_inner.o ABSOLUTE
    ../clib/signal.c                         0x00000000   Number         0  defsig_segv_inner.o ABSOLUTE
    ../clib/signal.c                         0x00000000   Number         0  defsig_other.o ABSOLUTE
    ../clib/signal.c                         0x00000000   Number         0  defsig_abrt_inner.o ABSOLUTE
    ../clib/signal.c                         0x00000000   Number         0  defsig_exit.o ABSOLUTE
    ../clib/signal.c                         0x00000000   Number         0  defsig_rtmem_inner.o ABSOLUTE
    ../clib/signal.c                         0x00000000   Number         0  defsig_rtred_inner.o ABSOLUTE
    ../clib/signal.c                         0x00000000   Number         0  defsig_pvfn_inner.o ABSOLUTE
    ../clib/signal.c                         0x00000000   Number         0  defsig_fpe_inner.o ABSOLUTE
    ../clib/signal.s                         0x00000000   Number         0  defsig.o ABSOLUTE
    ../clib/stdlib.c                         0x00000000   Number         0  exit.o ABSOLUTE
    ../fplib/daddsub.s                       0x00000000   Number         0  daddsub_clz.o ABSOLUTE
    ../fplib/ddiv.s                          0x00000000   Number         0  ddiv.o ABSOLUTE
    ../fplib/dnaninf.s                       0x00000000   Number         0  dnaninf.o ABSOLUTE
    ../fplib/dretinf.s                       0x00000000   Number         0  dretinf.o ABSOLUTE
    ../fplib/fpinit.s                        0x00000000   Number         0  fpinit.o ABSOLUTE
    ../fplib/istatus.s                       0x00000000   Number         0  istatus.o ABSOLUTE
    ../fplib/printf1.s                       0x00000000   Number         0  printf1.o ABSOLUTE
    ../fplib/usenofp.s                       0x00000000   Number         0  usenofp.o ABSOLUTE
    ../mathlib/fpclassify.c                  0x00000000   Number         0  fpclassify.o ABSOLUTE
    Hardware\Buzzer.c                        0x00000000   Number         0  buzzer.o ABSOLUTE
    Hardware\CountSensor.c                   0x00000000   Number         0  countsensor.o ABSOLUTE
    Hardware\Encoder.c                       0x00000000   Number         0  encoder.o ABSOLUTE
    Hardware\KEY.c                           0x00000000   Number         0  key.o ABSOLUTE
    Hardware\LED.c                           0x00000000   Number         0  led.o ABSOLUTE
    Hardware\LightSensor.c                   0x00000000   Number         0  lightsensor.o ABSOLUTE
    Hardware\OLED.c                          0x00000000   Number         0  oled.o ABSOLUTE
    Library\misc.c                           0x00000000   Number         0  misc.o ABSOLUTE
    Library\stm32f10x_adc.c                  0x00000000   Number         0  stm32f10x_adc.o ABSOLUTE
    Library\stm32f10x_bkp.c                  0x00000000   Number         0  stm32f10x_bkp.o ABSOLUTE
    Library\stm32f10x_can.c                  0x00000000   Number         0  stm32f10x_can.o ABSOLUTE
    Library\stm32f10x_cec.c                  0x00000000   Number         0  stm32f10x_cec.o ABSOLUTE
    Library\stm32f10x_crc.c                  0x00000000   Number         0  stm32f10x_crc.o ABSOLUTE
    Library\stm32f10x_dac.c                  0x00000000   Number         0  stm32f10x_dac.o ABSOLUTE
    Library\stm32f10x_dbgmcu.c               0x00000000   Number         0  stm32f10x_dbgmcu.o ABSOLUTE
    Library\stm32f10x_dma.c                  0x00000000   Number         0  stm32f10x_dma.o ABSOLUTE
    Library\stm32f10x_exti.c                 0x00000000   Number         0  stm32f10x_exti.o ABSOLUTE
    Library\stm32f10x_flash.c                0x00000000   Number         0  stm32f10x_flash.o ABSOLUTE
    Library\stm32f10x_fsmc.c                 0x00000000   Number         0  stm32f10x_fsmc.o ABSOLUTE
    Library\stm32f10x_gpio.c                 0x00000000   Number         0  stm32f10x_gpio.o ABSOLUTE
    Library\stm32f10x_i2c.c                  0x00000000   Number         0  stm32f10x_i2c.o ABSOLUTE
    Library\stm32f10x_iwdg.c                 0x00000000   Number         0  stm32f10x_iwdg.o ABSOLUTE
    Library\stm32f10x_pwr.c                  0x00000000   Number         0  stm32f10x_pwr.o ABSOLUTE
    Library\stm32f10x_rcc.c                  0x00000000   Number         0  stm32f10x_rcc.o ABSOLUTE
    Library\stm32f10x_rtc.c                  0x00000000   Number         0  stm32f10x_rtc.o ABSOLUTE
    Library\stm32f10x_sdio.c                 0x00000000   Number         0  stm32f10x_sdio.o ABSOLUTE
    Library\stm32f10x_spi.c                  0x00000000   Number         0  stm32f10x_spi.o ABSOLUTE
    Library\stm32f10x_tim.c                  0x00000000   Number         0  stm32f10x_tim.o ABSOLUTE
    Library\stm32f10x_usart.c                0x00000000   Number         0  stm32f10x_usart.o ABSOLUTE
    Library\stm32f10x_wwdg.c                 0x00000000   Number         0  stm32f10x_wwdg.o ABSOLUTE
    Start\\core_cm3.c                        0x00000000   Number         0  core_cm3.o ABSOLUTE
    Start\core_cm3.c                         0x00000000   Number         0  core_cm3.o ABSOLUTE
    Start\startup_stm32f10x_md.s             0x00000000   Number         0  startup_stm32f10x_md.o ABSOLUTE
    Start\system_stm32f10x.c                 0x00000000   Number         0  system_stm32f10x.o ABSOLUTE
    System\Delay.c                           0x00000000   Number         0  delay.o ABSOLUTE
    System\Menu.c                            0x00000000   Number         0  menu.o ABSOLUTE
    System\Timer.c                           0x00000000   Number         0  timer.o ABSOLUTE
    User\main.c                              0x00000000   Number         0  main.o ABSOLUTE
    User\stm32f10x_it.c                      0x00000000   Number         0  stm32f10x_it.o ABSOLUTE
    dc.s                                     0x00000000   Number         0  dc.o ABSOLUTE
    RESET                                    0x08000000   Section      236  startup_stm32f10x_md.o(RESET)
    !!!main                                  0x080000ec   Section        8  __main.o(!!!main)
    !!!scatter                               0x080000f4   Section       52  __scatter.o(!!!scatter)
    !!handler_copy                           0x08000128   Section       26  __scatter_copy.o(!!handler_copy)
    !!handler_zi                             0x08000144   Section       28  __scatter_zi.o(!!handler_zi)
    .ARM.Collect$$_printf_percent$$00000000  0x08000160   Section        0  _printf_percent.o(.ARM.Collect$$_printf_percent$$00000000)
    .ARM.Collect$$_printf_percent$$00000003  0x08000160   Section        6  _printf_f.o(.ARM.Collect$$_printf_percent$$00000003)
    .ARM.Collect$$_printf_percent$$00000017  0x08000166   Section        4  _printf_percent_end.o(.ARM.Collect$$_printf_percent$$00000017)
    .ARM.Collect$$libinit$$00000000          0x0800016a   Section        2  libinit.o(.ARM.Collect$$libinit$$00000000)
    .ARM.Collect$$libinit$$00000002          0x0800016c   Section        0  libinit2.o(.ARM.Collect$$libinit$$00000002)
    .ARM.Collect$$libinit$$00000004          0x0800016c   Section        0  libinit2.o(.ARM.Collect$$libinit$$00000004)
    .ARM.Collect$$libinit$$00000005          0x0800016c   Section        8  libinit2.o(.ARM.Collect$$libinit$$00000005)
    .ARM.Collect$$libinit$$0000000A          0x08000174   Section        0  libinit2.o(.ARM.Collect$$libinit$$0000000A)
    .ARM.Collect$$libinit$$0000000C          0x08000174   Section        0  libinit2.o(.ARM.Collect$$libinit$$0000000C)
    .ARM.Collect$$libinit$$0000000E          0x08000174   Section        0  libinit2.o(.ARM.Collect$$libinit$$0000000E)
    .ARM.Collect$$libinit$$0000000F          0x08000174   Section        6  libinit2.o(.ARM.Collect$$libinit$$0000000F)
    .ARM.Collect$$libinit$$00000011          0x0800017a   Section        0  libinit2.o(.ARM.Collect$$libinit$$00000011)
    .ARM.Collect$$libinit$$00000013          0x0800017a   Section        0  libinit2.o(.ARM.Collect$$libinit$$00000013)
    .ARM.Collect$$libinit$$00000015          0x0800017a   Section        0  libinit2.o(.ARM.Collect$$libinit$$00000015)
    .ARM.Collect$$libinit$$00000016          0x0800017a   Section       10  libinit2.o(.ARM.Collect$$libinit$$00000016)
    .ARM.Collect$$libinit$$00000017          0x08000184   Section        0  libinit2.o(.ARM.Collect$$libinit$$00000017)
    .ARM.Collect$$libinit$$00000019          0x08000184   Section        0  libinit2.o(.ARM.Collect$$libinit$$00000019)
    .ARM.Collect$$libinit$$0000001B          0x08000184   Section        0  libinit2.o(.ARM.Collect$$libinit$$0000001B)
    .ARM.Collect$$libinit$$0000001D          0x08000184   Section        0  libinit2.o(.ARM.Collect$$libinit$$0000001D)
    .ARM.Collect$$libinit$$0000001F          0x08000184   Section        0  libinit2.o(.ARM.Collect$$libinit$$0000001F)
    .ARM.Collect$$libinit$$00000021          0x08000184   Section        0  libinit2.o(.ARM.Collect$$libinit$$00000021)
    .ARM.Collect$$libinit$$00000023          0x08000184   Section        0  libinit2.o(.ARM.Collect$$libinit$$00000023)
    .ARM.Collect$$libinit$$00000025          0x08000184   Section        0  libinit2.o(.ARM.Collect$$libinit$$00000025)
    .ARM.Collect$$libinit$$0000002C          0x08000184   Section        0  libinit2.o(.ARM.Collect$$libinit$$0000002C)
    .ARM.Collect$$libinit$$0000002E          0x08000184   Section        0  libinit2.o(.ARM.Collect$$libinit$$0000002E)
    .ARM.Collect$$libinit$$00000030          0x08000184   Section        0  libinit2.o(.ARM.Collect$$libinit$$00000030)
    .ARM.Collect$$libinit$$00000032          0x08000184   Section        0  libinit2.o(.ARM.Collect$$libinit$$00000032)
    .ARM.Collect$$libinit$$00000033          0x08000184   Section        2  libinit2.o(.ARM.Collect$$libinit$$00000033)
    .ARM.Collect$$libshutdown$$00000000      0x08000186   Section        2  libshutdown.o(.ARM.Collect$$libshutdown$$00000000)
    .ARM.Collect$$libshutdown$$00000002      0x08000188   Section        0  libshutdown2.o(.ARM.Collect$$libshutdown$$00000002)
    .ARM.Collect$$libshutdown$$00000004      0x08000188   Section        0  libshutdown2.o(.ARM.Collect$$libshutdown$$00000004)
    .ARM.Collect$$libshutdown$$00000007      0x08000188   Section        0  libshutdown2.o(.ARM.Collect$$libshutdown$$00000007)
    .ARM.Collect$$libshutdown$$0000000A      0x08000188   Section        0  libshutdown2.o(.ARM.Collect$$libshutdown$$0000000A)
    .ARM.Collect$$libshutdown$$0000000C      0x08000188   Section        0  libshutdown2.o(.ARM.Collect$$libshutdown$$0000000C)
    .ARM.Collect$$libshutdown$$0000000F      0x08000188   Section        0  libshutdown2.o(.ARM.Collect$$libshutdown$$0000000F)
    .ARM.Collect$$libshutdown$$00000010      0x08000188   Section        2  libshutdown2.o(.ARM.Collect$$libshutdown$$00000010)
    .ARM.Collect$$rtentry$$00000000          0x0800018a   Section        0  __rtentry.o(.ARM.Collect$$rtentry$$00000000)
    .ARM.Collect$$rtentry$$00000002          0x0800018a   Section        0  __rtentry2.o(.ARM.Collect$$rtentry$$00000002)
    .ARM.Collect$$rtentry$$00000004          0x0800018a   Section        6  __rtentry4.o(.ARM.Collect$$rtentry$$00000004)
    .ARM.Collect$$rtentry$$00000009          0x08000190   Section        0  __rtentry2.o(.ARM.Collect$$rtentry$$00000009)
    .ARM.Collect$$rtentry$$0000000A          0x08000190   Section        4  __rtentry2.o(.ARM.Collect$$rtentry$$0000000A)
    .ARM.Collect$$rtentry$$0000000C          0x08000194   Section        0  __rtentry2.o(.ARM.Collect$$rtentry$$0000000C)
    .ARM.Collect$$rtentry$$0000000D          0x08000194   Section        8  __rtentry2.o(.ARM.Collect$$rtentry$$0000000D)
    .ARM.Collect$$rtexit$$00000000           0x0800019c   Section        2  rtexit.o(.ARM.Collect$$rtexit$$00000000)
    .ARM.Collect$$rtexit$$00000002           0x0800019e   Section        0  rtexit2.o(.ARM.Collect$$rtexit$$00000002)
    .ARM.Collect$$rtexit$$00000003           0x0800019e   Section        4  rtexit2.o(.ARM.Collect$$rtexit$$00000003)
    .ARM.Collect$$rtexit$$00000004           0x080001a2   Section        6  rtexit2.o(.ARM.Collect$$rtexit$$00000004)
    .emb_text                                0x080001a8   Section        0  maybetermalloc1.o(.emb_text)
    .text                                    0x080001a8   Section       64  startup_stm32f10x_md.o(.text)
    .text                                    0x080001e8   Section        0  h1_alloc.o(.text)
    .text                                    0x08000248   Section        0  noretval__2snprintf.o(.text)
    .text                                    0x0800027c   Section        0  __printf_wp.o(.text)
    .text                                    0x0800038a   Section        0  heapauxi.o(.text)
    .text                                    0x08000390   Section        8  rt_heap_descriptor_intlibspace.o(.text)
    .text                                    0x08000398   Section        0  hguard.o(.text)
    .text                                    0x0800039c   Section        0  init_alloc.o(.text)
    .text                                    0x08000426   Section        0  h1_init.o(.text)
    .text                                    0x08000434   Section        0  h1_free.o(.text)
    .text                                    0x08000482   Section        0  _printf_fp_dec.o(.text)
    _fp_digits                               0x08000485   Thumb Code   432  _printf_fp_dec.o(.text)
    .text                                    0x080008a0   Section        0  _printf_char_common.o(.text)
    _printf_input_char                       0x080008a1   Thumb Code    10  _printf_char_common.o(.text)
    .text                                    0x080008d0   Section        0  _sputc.o(.text)
    .text                                    0x080008da   Section        0  _snputc.o(.text)
    .text                                    0x080008ec   Section        8  libspace.o(.text)
    .text                                    0x080008f4   Section        8  rt_locale_intlibspace.o(.text)
    .text                                    0x080008fc   Section        0  h1_extend.o(.text)
    .text                                    0x08000930   Section      138  lludiv10.o(.text)
    .text                                    0x080009bc   Section        0  _printf_fp_infnan.o(.text)
    .text                                    0x08000a3c   Section        0  bigflt0.o(.text)
    .text                                    0x08000b20   Section        0  defsig_rtmem_outer.o(.text)
    .text                                    0x08000b2e   Section        2  use_no_semi.o(.text)
    .text                                    0x08000b30   Section        0  indicate_semi.o(.text)
    .text                                    0x08000b30   Section       74  sys_stackheap_outer.o(.text)
    .text                                    0x08000b7a   Section        0  exit.o(.text)
    .text                                    0x08000b8c   Section        0  defsig_exit.o(.text)
    .text                                    0x08000b98   Section        0  defsig_rtmem_inner.o(.text)
    .text                                    0x08000be8   Section      128  strcmpv7m.o(.text)
    .text                                    0x08000c68   Section        0  sys_exit.o(.text)
    .text                                    0x08000c74   Section        0  defsig_general.o(.text)
    .text                                    0x08000ca6   Section        0  sys_wrch.o(.text)
    CL$$btod_d2e                             0x08000cb4   Section       62  btod.o(CL$$btod_d2e)
    CL$$btod_d2e_denorm_low                  0x08000cf2   Section       70  btod.o(CL$$btod_d2e_denorm_low)
    CL$$btod_d2e_norm_op1                    0x08000d38   Section       96  btod.o(CL$$btod_d2e_norm_op1)
    CL$$btod_div_common                      0x08000d98   Section      824  btod.o(CL$$btod_div_common)
    CL$$btod_e2e                             0x080010d0   Section      220  btod.o(CL$$btod_e2e)
    CL$$btod_ediv                            0x080011ac   Section       42  btod.o(CL$$btod_ediv)
    CL$$btod_emul                            0x080011d6   Section       42  btod.o(CL$$btod_emul)
    CL$$btod_mult_common                     0x08001200   Section      580  btod.o(CL$$btod_mult_common)
    i.BusFault_Handler                       0x08001444   Section        0  stm32f10x_it.o(i.BusFault_Handler)
    i.DebugMon_Handler                       0x08001448   Section        0  stm32f10x_it.o(i.DebugMon_Handler)
    i.Delay_ms                               0x0800144a   Section        0  delay.o(i.Delay_ms)
    i.Delay_us                               0x08001462   Section        0  delay.o(i.Delay_us)
    i.DoubleToChar                           0x08001490   Section        0  menu.o(i.DoubleToChar)
    DoubleToChar                             0x08001491   Thumb Code    24  menu.o(i.DoubleToChar)
    i.EXTI0_IRQHandler                       0x080014b4   Section        0  encoder.o(i.EXTI0_IRQHandler)
    i.EXTI15_10_IRQHandler                   0x080014f8   Section        0  countsensor.o(i.EXTI15_10_IRQHandler)
    i.EXTI1_IRQHandler                       0x08001524   Section        0  encoder.o(i.EXTI1_IRQHandler)
    i.EXTI_ClearITPendingBit                 0x08001568   Section        0  stm32f10x_exti.o(i.EXTI_ClearITPendingBit)
    i.EXTI_GetITStatus                       0x08001574   Section        0  stm32f10x_exti.o(i.EXTI_GetITStatus)
    i.EXTI_Init                              0x0800159c   Section        0  stm32f10x_exti.o(i.EXTI_Init)
    i.Encoder_Get                            0x08001630   Section        0  encoder.o(i.Encoder_Get)
    i.Encoder_Init                           0x08001648   Section        0  encoder.o(i.Encoder_Init)
    i.GPIO_EXTILineConfig                    0x080016e8   Section        0  stm32f10x_gpio.o(i.GPIO_EXTILineConfig)
    i.GPIO_Init                              0x08001728   Section        0  stm32f10x_gpio.o(i.GPIO_Init)
    i.GPIO_ReadInputDataBit                  0x0800183e   Section        0  stm32f10x_gpio.o(i.GPIO_ReadInputDataBit)
    i.GPIO_ResetBits                         0x08001850   Section        0  stm32f10x_gpio.o(i.GPIO_ResetBits)
    i.GPIO_SetBits                           0x08001854   Section        0  stm32f10x_gpio.o(i.GPIO_SetBits)
    i.GPIO_WriteBit                          0x08001858   Section        0  stm32f10x_gpio.o(i.GPIO_WriteBit)
    i.HardFault_Handler                      0x08001862   Section        0  stm32f10x_it.o(i.HardFault_Handler)
    i.Init_Menu                              0x08001868   Section        0  menu.o(i.Init_Menu)
    i.Key_Check                              0x08001aec   Section        0  key.o(i.Key_Check)
    i.Key_GetState                           0x08001b10   Section        0  key.o(i.Key_GetState)
    i.Key_Init                               0x08001b68   Section        0  key.o(i.Key_Init)
    i.Key_Tick                               0x08001bb0   Section        0  key.o(i.Key_Tick)
    i.LED1_ON                                0x08001e60   Section        0  led.o(i.LED1_ON)
    i.LED2_ON                                0x08001e74   Section        0  led.o(i.LED2_ON)
    i.LED3_ON                                0x08001e88   Section        0  led.o(i.LED3_ON)
    i.LED4_ON                                0x08001e9c   Section        0  led.o(i.LED4_ON)
    i.LED_Direction_Func                     0x08001eb0   Section        0  menu.o(i.LED_Direction_Func)
    LED_Direction_Func                       0x08001eb1   Thumb Code    86  menu.o(i.LED_Direction_Func)
    i.LED_Init                               0x08001f10   Section        0  led.o(i.LED_Init)
    i.LED_Speed_Func                         0x08001f48   Section        0  menu.o(i.LED_Speed_Func)
    LED_Speed_Func                           0x08001f49   Thumb Code    94  menu.o(i.LED_Speed_Func)
    i.LED_Tick                               0x08001fb0   Section        0  led.o(i.LED_Tick)
    i.MemManage_Handler                      0x08002074   Section        0  stm32f10x_it.o(i.MemManage_Handler)
    i.NMI_Handler                            0x08002078   Section        0  stm32f10x_it.o(i.NMI_Handler)
    i.NVIC_Init                              0x0800207c   Section        0  misc.o(i.NVIC_Init)
    i.NVIC_PriorityGroupConfig               0x080020ec   Section        0  misc.o(i.NVIC_PriorityGroupConfig)
    i.OLED_Clear                             0x08002100   Section        0  oled.o(i.OLED_Clear)
    i.OLED_I2C_Init                          0x0800212c   Section        0  oled.o(i.OLED_I2C_Init)
    i.OLED_I2C_SendByte                      0x0800217c   Section        0  oled.o(i.OLED_I2C_SendByte)
    i.OLED_I2C_Start                         0x080021d8   Section        0  oled.o(i.OLED_I2C_Start)
    i.OLED_I2C_Stop                          0x0800220c   Section        0  oled.o(i.OLED_I2C_Stop)
    i.OLED_Init                              0x08002234   Section        0  oled.o(i.OLED_Init)
    i.OLED_SetCursor                         0x080022e2   Section        0  oled.o(i.OLED_SetCursor)
    i.OLED_ShowChar                          0x08002304   Section        0  oled.o(i.OLED_ShowChar)
    i.OLED_ShowString                        0x08002378   Section        0  oled.o(i.OLED_ShowString)
    i.OLED_WriteCommand                      0x080023a0   Section        0  oled.o(i.OLED_WriteCommand)
    i.OLED_WriteData                         0x080023c0   Section        0  oled.o(i.OLED_WriteData)
    i.PID_Kd_Func                            0x080023e0   Section        0  menu.o(i.PID_Kd_Func)
    PID_Kd_Func                              0x080023e1   Thumb Code   122  menu.o(i.PID_Kd_Func)
    i.PID_Ki_Func                            0x08002470   Section        0  menu.o(i.PID_Ki_Func)
    PID_Ki_Func                              0x08002471   Thumb Code   122  menu.o(i.PID_Ki_Func)
    i.PID_Kp_Func                            0x08002500   Section        0  menu.o(i.PID_Kp_Func)
    PID_Kp_Func                              0x08002501   Thumb Code   122  menu.o(i.PID_Kp_Func)
    i.PendSV_Handler                         0x08002590   Section        0  stm32f10x_it.o(i.PendSV_Handler)
    i.RCC_APB1PeriphClockCmd                 0x08002594   Section        0  stm32f10x_rcc.o(i.RCC_APB1PeriphClockCmd)
    i.RCC_APB2PeriphClockCmd                 0x080025b4   Section        0  stm32f10x_rcc.o(i.RCC_APB2PeriphClockCmd)
    i.SVC_Handler                            0x080025d4   Section        0  stm32f10x_it.o(i.SVC_Handler)
    i.SetSysClock                            0x080025d6   Section        0  system_stm32f10x.o(i.SetSysClock)
    SetSysClock                              0x080025d7   Thumb Code     8  system_stm32f10x.o(i.SetSysClock)
    i.SetSysClockTo72                        0x080025e0   Section        0  system_stm32f10x.o(i.SetSysClockTo72)
    SetSysClockTo72                          0x080025e1   Thumb Code   214  system_stm32f10x.o(i.SetSysClockTo72)
    i.SysTick_Handler                        0x080026c0   Section        0  stm32f10x_it.o(i.SysTick_Handler)
    i.SystemInit                             0x080026c4   Section        0  system_stm32f10x.o(i.SystemInit)
    i.TIM2_IRQHandler                        0x08002724   Section        0  main.o(i.TIM2_IRQHandler)
    i.TIM_ClearFlag                          0x08002744   Section        0  stm32f10x_tim.o(i.TIM_ClearFlag)
    i.TIM_ClearITPendingBit                  0x0800274a   Section        0  stm32f10x_tim.o(i.TIM_ClearITPendingBit)
    i.TIM_Cmd                                0x08002750   Section        0  stm32f10x_tim.o(i.TIM_Cmd)
    i.TIM_GetITStatus                        0x08002768   Section        0  stm32f10x_tim.o(i.TIM_GetITStatus)
    i.TIM_ITConfig                           0x0800278a   Section        0  stm32f10x_tim.o(i.TIM_ITConfig)
    i.TIM_InternalClockConfig                0x0800279c   Section        0  stm32f10x_tim.o(i.TIM_InternalClockConfig)
    i.TIM_TimeBaseInit                       0x080027a8   Section        0  stm32f10x_tim.o(i.TIM_TimeBaseInit)
    i.Timer_Init                             0x0800284c   Section        0  timer.o(i.Timer_Init)
    i.UsageFault_Handler                     0x080028c8   Section        0  stm32f10x_it.o(i.UsageFault_Handler)
    i.__ARM_fpclassify                       0x080028cc   Section        0  fpclassify.o(i.__ARM_fpclassify)
    i._is_digit                              0x080028f4   Section        0  __printf_wp.o(i._is_digit)
    i.changeLEDDirection                     0x08002904   Section        0  menu.o(i.changeLEDDirection)
    changeLEDDirection                       0x08002905   Thumb Code    24  menu.o(i.changeLEDDirection)
    i.changeLEDSpeed                         0x08002920   Section        0  menu.o(i.changeLEDSpeed)
    changeLEDSpeed                           0x08002921   Thumb Code    60  menu.o(i.changeLEDSpeed)
    i.displayMainMenu                        0x0800295c   Section        0  menu.o(i.displayMainMenu)
    i.displayMenu                            0x08002aac   Section        0  menu.o(i.displayMenu)
    i.main                                   0x08002c38   Section        0  main.o(i.main)
    i.show_infor                             0x08002c94   Section        0  menu.o(i.show_infor)
    i.show_led_infor                         0x08002cd8   Section        0  menu.o(i.show_led_infor)
    i.show_menu_item                         0x08002d3c   Section        0  menu.o(i.show_menu_item)
    i.show_pid_infor                         0x08002e48   Section        0  menu.o(i.show_pid_infor)
    locale$$code                             0x08002e94   Section       44  lc_numeric_c.o(locale$$code)
    x$fpl$dadd                               0x08002ec0   Section      336  daddsub_clz.o(x$fpl$dadd)
    _dadd1                                   0x08002ed1   Thumb Code     0  daddsub_clz.o(x$fpl$dadd)
    x$fpl$ddiv                               0x08003010   Section      688  ddiv.o(x$fpl$ddiv)
    ddiv_entry                               0x08003017   Thumb Code     0  ddiv.o(x$fpl$ddiv)
    x$fpl$dnaninf                            0x080032c0   Section      156  dnaninf.o(x$fpl$dnaninf)
    x$fpl$dretinf                            0x0800335c   Section       12  dretinf.o(x$fpl$dretinf)
    x$fpl$drsb                               0x08003368   Section       22  daddsub_clz.o(x$fpl$drsb)
    x$fpl$dsub                               0x08003380   Section      468  daddsub_clz.o(x$fpl$dsub)
    _dsub1                                   0x08003391   Thumb Code     0  daddsub_clz.o(x$fpl$dsub)
    x$fpl$printf1                            0x08003554   Section        4  printf1.o(x$fpl$printf1)
    .constdata                               0x08003558   Section     1520  oled.o(.constdata)
    x$fpl$usenofp                            0x08003558   Section        0  usenofp.o(x$fpl$usenofp)
    .constdata                               0x08003b48   Section      148  bigflt0.o(.constdata)
    tenpwrs_x                                0x08003b48   Data          60  bigflt0.o(.constdata)
    tenpwrs_i                                0x08003b84   Data          64  bigflt0.o(.constdata)
    locale$$data                             0x08003bfc   Section       28  lc_numeric_c.o(locale$$data)
    __lcnum_c_name                           0x08003c00   Data           2  lc_numeric_c.o(locale$$data)
    __lcnum_c_start                          0x08003c08   Data           0  lc_numeric_c.o(locale$$data)
    __lcnum_c_point                          0x08003c14   Data           0  lc_numeric_c.o(locale$$data)
    __lcnum_c_thousands                      0x08003c16   Data           0  lc_numeric_c.o(locale$$data)
    __lcnum_c_grouping                       0x08003c17   Data           0  lc_numeric_c.o(locale$$data)
    __lcnum_c_end                            0x08003c18   Data           0  lc_numeric_c.o(locale$$data)
    .data                                    0x20000000   Section       49  menu.o(.data)
    current_encoder_delta                    0x20000028   Data           8  menu.o(.data)
    .data                                    0x20000032   Section        2  led.o(.data)
    .data                                    0x20000034   Section       26  key.o(.data)
    Count                                    0x20000038   Data           1  key.o(.data)
    i                                        0x20000039   Data           1  key.o(.data)
    CurrState                                0x2000003a   Data           4  key.o(.data)
    PrevState                                0x2000003e   Data           4  key.o(.data)
    S                                        0x20000042   Data           4  key.o(.data)
    Time                                     0x20000046   Data           8  key.o(.data)
    .data                                    0x2000004e   Section        2  countsensor.o(.data)
    .data                                    0x20000050   Section       16  encoder.o(.data)
    .bss                                     0x20000060   Section      368  menu.o(.bss)
    buffer                                   0x200001b0   Data          32  menu.o(.bss)
    .bss                                     0x200001d0   Section       96  libspace.o(.bss)
    HEAP                                     0x20000230   Section      512  startup_stm32f10x_md.o(HEAP)
    Heap_Mem                                 0x20000230   Data         512  startup_stm32f10x_md.o(HEAP)
    STACK                                    0x20000430   Section     1024  startup_stm32f10x_md.o(STACK)
    Stack_Mem                                0x20000430   Data        1024  startup_stm32f10x_md.o(STACK)
    __initial_sp                             0x20000830   Data           0  startup_stm32f10x_md.o(STACK)

    Global Symbols

    Symbol Name                              Value     Ov Type        Size  Object(Section)

    BuildAttributes$$THM_ISAv4$P$D$K$B$S$PE$A:L22UL41UL21$X:L11$S22US41US21$IEEE1$IW$USESV6$~STKCKD$USESV7$~SHL$OTIME$ROPI$IEEEJ$EBA8$UX$STANDARDLIB$REQ8$PRES8$EABIv2 0x00000000   Number         0  anon$$obj.o ABSOLUTE
    __ARM_use_no_argv                        0x00000000   Number         0  main.o ABSOLUTE
    _printf_flags                            0x00000000   Number         0  printf_stubs.o ABSOLUTE
    _printf_return_value                     0x00000000   Number         0  printf_stubs.o ABSOLUTE
    _printf_sizespec                         0x00000000   Number         0  printf_stubs.o ABSOLUTE
    _printf_widthprec                        0x00000000   Number         0  printf_stubs.o ABSOLUTE
    __ARM_exceptions_init                     - Undefined Weak Reference
    __alloca_initialize                       - Undefined Weak Reference
    __arm_preinit_                            - Undefined Weak Reference
    __cpp_initialize__aeabi_                  - Undefined Weak Reference
    __cxa_finalize                            - Undefined Weak Reference
    __sigvec_lookup                           - Undefined Weak Reference
    __user_heap_extent                        - Undefined Weak Reference
    _atexit_init                              - Undefined Weak Reference
    _call_atexit_fns                          - Undefined Weak Reference
    _clock_init                               - Undefined Weak Reference
    _fp_trap_init                             - Undefined Weak Reference
    _fp_trap_shutdown                         - Undefined Weak Reference
    _get_lc_collate                           - Undefined Weak Reference
    _get_lc_ctype                             - Undefined Weak Reference
    _get_lc_monetary                          - Undefined Weak Reference
    _get_lc_time                              - Undefined Weak Reference
    _getenv_init                              - Undefined Weak Reference
    _handle_redirection                       - Undefined Weak Reference
    _initio                                   - Undefined Weak Reference
    _mutex_acquire                            - Undefined Weak Reference
    _mutex_free                               - Undefined Weak Reference
    _mutex_release                            - Undefined Weak Reference
    _printf_post_padding                      - Undefined Weak Reference
    _printf_pre_padding                       - Undefined Weak Reference
    _rand_init                                - Undefined Weak Reference
    _signal_finish                            - Undefined Weak Reference
    _signal_init                              - Undefined Weak Reference
    _terminateio                              - Undefined Weak Reference
    __Vectors_Size                           0x000000ec   Number         0  startup_stm32f10x_md.o ABSOLUTE
    __Vectors                                0x08000000   Data           4  startup_stm32f10x_md.o(RESET)
    __Vectors_End                            0x080000ec   Data           0  startup_stm32f10x_md.o(RESET)
    __main                                   0x080000ed   Thumb Code     8  __main.o(!!!main)
    __scatterload                            0x080000f5   Thumb Code     0  __scatter.o(!!!scatter)
    __scatterload_rt2                        0x080000f5   Thumb Code    44  __scatter.o(!!!scatter)
    __scatterload_rt2_thumb_only             0x080000f5   Thumb Code     0  __scatter.o(!!!scatter)
    __scatterload_null                       0x08000103   Thumb Code     0  __scatter.o(!!!scatter)
    __scatterload_copy                       0x08000129   Thumb Code    26  __scatter_copy.o(!!handler_copy)
    __scatterload_zeroinit                   0x08000145   Thumb Code    28  __scatter_zi.o(!!handler_zi)
    _printf_f                                0x08000161   Thumb Code     0  _printf_f.o(.ARM.Collect$$_printf_percent$$00000003)
    _printf_percent                          0x08000161   Thumb Code     0  _printf_percent.o(.ARM.Collect$$_printf_percent$$00000000)
    _printf_percent_end                      0x08000167   Thumb Code     0  _printf_percent_end.o(.ARM.Collect$$_printf_percent$$00000017)
    __rt_lib_init                            0x0800016b   Thumb Code     0  libinit.o(.ARM.Collect$$libinit$$00000000)
    __rt_lib_init_fp_1                       0x0800016d   Thumb Code     0  libinit2.o(.ARM.Collect$$libinit$$00000002)
    __rt_lib_init_heap_2                     0x0800016d   Thumb Code     0  libinit2.o(.ARM.Collect$$libinit$$00000005)
    __rt_lib_init_preinit_1                  0x0800016d   Thumb Code     0  libinit2.o(.ARM.Collect$$libinit$$00000004)
    __rt_lib_init_heap_1                     0x08000175   Thumb Code     0  libinit2.o(.ARM.Collect$$libinit$$0000000A)
    __rt_lib_init_lc_common                  0x08000175   Thumb Code     0  libinit2.o(.ARM.Collect$$libinit$$0000000F)
    __rt_lib_init_rand_1                     0x08000175   Thumb Code     0  libinit2.o(.ARM.Collect$$libinit$$0000000E)
    __rt_lib_init_user_alloc_1               0x08000175   Thumb Code     0  libinit2.o(.ARM.Collect$$libinit$$0000000C)
    __rt_lib_init_lc_collate_1               0x0800017b   Thumb Code     0  libinit2.o(.ARM.Collect$$libinit$$00000011)
    __rt_lib_init_lc_ctype_1                 0x0800017b   Thumb Code     0  libinit2.o(.ARM.Collect$$libinit$$00000013)
    __rt_lib_init_lc_monetary_1              0x0800017b   Thumb Code     0  libinit2.o(.ARM.Collect$$libinit$$00000015)
    __rt_lib_init_lc_numeric_2               0x0800017b   Thumb Code     0  libinit2.o(.ARM.Collect$$libinit$$00000016)
    __rt_lib_init_alloca_1                   0x08000185   Thumb Code     0  libinit2.o(.ARM.Collect$$libinit$$0000002E)
    __rt_lib_init_argv_1                     0x08000185   Thumb Code     0  libinit2.o(.ARM.Collect$$libinit$$0000002C)
    __rt_lib_init_atexit_1                   0x08000185   Thumb Code     0  libinit2.o(.ARM.Collect$$libinit$$0000001B)
    __rt_lib_init_clock_1                    0x08000185   Thumb Code     0  libinit2.o(.ARM.Collect$$libinit$$00000021)
    __rt_lib_init_cpp_1                      0x08000185   Thumb Code     0  libinit2.o(.ARM.Collect$$libinit$$00000032)
    __rt_lib_init_exceptions_1               0x08000185   Thumb Code     0  libinit2.o(.ARM.Collect$$libinit$$00000030)
    __rt_lib_init_fp_trap_1                  0x08000185   Thumb Code     0  libinit2.o(.ARM.Collect$$libinit$$0000001F)
    __rt_lib_init_getenv_1                   0x08000185   Thumb Code     0  libinit2.o(.ARM.Collect$$libinit$$00000023)
    __rt_lib_init_lc_numeric_1               0x08000185   Thumb Code     0  libinit2.o(.ARM.Collect$$libinit$$00000017)
    __rt_lib_init_lc_time_1                  0x08000185   Thumb Code     0  libinit2.o(.ARM.Collect$$libinit$$00000019)
    __rt_lib_init_return                     0x08000185   Thumb Code     0  libinit2.o(.ARM.Collect$$libinit$$00000033)
    __rt_lib_init_signal_1                   0x08000185   Thumb Code     0  libinit2.o(.ARM.Collect$$libinit$$0000001D)
    __rt_lib_init_stdio_1                    0x08000185   Thumb Code     0  libinit2.o(.ARM.Collect$$libinit$$00000025)
    __rt_lib_shutdown                        0x08000187   Thumb Code     0  libshutdown.o(.ARM.Collect$$libshutdown$$00000000)
    __rt_lib_shutdown_cpp_1                  0x08000189   Thumb Code     0  libshutdown2.o(.ARM.Collect$$libshutdown$$00000002)
    __rt_lib_shutdown_fp_trap_1              0x08000189   Thumb Code     0  libshutdown2.o(.ARM.Collect$$libshutdown$$00000007)
    __rt_lib_shutdown_heap_1                 0x08000189   Thumb Code     0  libshutdown2.o(.ARM.Collect$$libshutdown$$0000000F)
    __rt_lib_shutdown_return                 0x08000189   Thumb Code     0  libshutdown2.o(.ARM.Collect$$libshutdown$$00000010)
    __rt_lib_shutdown_signal_1               0x08000189   Thumb Code     0  libshutdown2.o(.ARM.Collect$$libshutdown$$0000000A)
    __rt_lib_shutdown_stdio_1                0x08000189   Thumb Code     0  libshutdown2.o(.ARM.Collect$$libshutdown$$00000004)
    __rt_lib_shutdown_user_alloc_1           0x08000189   Thumb Code     0  libshutdown2.o(.ARM.Collect$$libshutdown$$0000000C)
    __rt_entry                               0x0800018b   Thumb Code     0  __rtentry.o(.ARM.Collect$$rtentry$$00000000)
    __rt_entry_presh_1                       0x0800018b   Thumb Code     0  __rtentry2.o(.ARM.Collect$$rtentry$$00000002)
    __rt_entry_sh                            0x0800018b   Thumb Code     0  __rtentry4.o(.ARM.Collect$$rtentry$$00000004)
    __rt_entry_li                            0x08000191   Thumb Code     0  __rtentry2.o(.ARM.Collect$$rtentry$$0000000A)
    __rt_entry_postsh_1                      0x08000191   Thumb Code     0  __rtentry2.o(.ARM.Collect$$rtentry$$00000009)
    __rt_entry_main                          0x08000195   Thumb Code     0  __rtentry2.o(.ARM.Collect$$rtentry$$0000000D)
    __rt_entry_postli_1                      0x08000195   Thumb Code     0  __rtentry2.o(.ARM.Collect$$rtentry$$0000000C)
    __rt_exit                                0x0800019d   Thumb Code     0  rtexit.o(.ARM.Collect$$rtexit$$00000000)
    __rt_exit_ls                             0x0800019f   Thumb Code     0  rtexit2.o(.ARM.Collect$$rtexit$$00000003)
    __rt_exit_prels_1                        0x0800019f   Thumb Code     0  rtexit2.o(.ARM.Collect$$rtexit$$00000002)
    __rt_exit_exit                           0x080001a3   Thumb Code     0  rtexit2.o(.ARM.Collect$$rtexit$$00000004)
    Reset_Handler                            0x080001a9   Thumb Code     8  startup_stm32f10x_md.o(.text)
    _maybe_terminate_alloc                   0x080001a9   Thumb Code     0  maybetermalloc1.o(.emb_text)
    ADC1_2_IRQHandler                        0x080001c3   Thumb Code     0  startup_stm32f10x_md.o(.text)
    CAN1_RX1_IRQHandler                      0x080001c3   Thumb Code     0  startup_stm32f10x_md.o(.text)
    CAN1_SCE_IRQHandler                      0x080001c3   Thumb Code     0  startup_stm32f10x_md.o(.text)
    DMA1_Channel1_IRQHandler                 0x080001c3   Thumb Code     0  startup_stm32f10x_md.o(.text)
    DMA1_Channel2_IRQHandler                 0x080001c3   Thumb Code     0  startup_stm32f10x_md.o(.text)
    DMA1_Channel3_IRQHandler                 0x080001c3   Thumb Code     0  startup_stm32f10x_md.o(.text)
    DMA1_Channel4_IRQHandler                 0x080001c3   Thumb Code     0  startup_stm32f10x_md.o(.text)
    DMA1_Channel5_IRQHandler                 0x080001c3   Thumb Code     0  startup_stm32f10x_md.o(.text)
    DMA1_Channel6_IRQHandler                 0x080001c3   Thumb Code     0  startup_stm32f10x_md.o(.text)
    DMA1_Channel7_IRQHandler                 0x080001c3   Thumb Code     0  startup_stm32f10x_md.o(.text)
    EXTI2_IRQHandler                         0x080001c3   Thumb Code     0  startup_stm32f10x_md.o(.text)
    EXTI3_IRQHandler                         0x080001c3   Thumb Code     0  startup_stm32f10x_md.o(.text)
    EXTI4_IRQHandler                         0x080001c3   Thumb Code     0  startup_stm32f10x_md.o(.text)
    EXTI9_5_IRQHandler                       0x080001c3   Thumb Code     0  startup_stm32f10x_md.o(.text)
    FLASH_IRQHandler                         0x080001c3   Thumb Code     0  startup_stm32f10x_md.o(.text)
    I2C1_ER_IRQHandler                       0x080001c3   Thumb Code     0  startup_stm32f10x_md.o(.text)
    I2C1_EV_IRQHandler                       0x080001c3   Thumb Code     0  startup_stm32f10x_md.o(.text)
    I2C2_ER_IRQHandler                       0x080001c3   Thumb Code     0  startup_stm32f10x_md.o(.text)
    I2C2_EV_IRQHandler                       0x080001c3   Thumb Code     0  startup_stm32f10x_md.o(.text)
    PVD_IRQHandler                           0x080001c3   Thumb Code     0  startup_stm32f10x_md.o(.text)
    RCC_IRQHandler                           0x080001c3   Thumb Code     0  startup_stm32f10x_md.o(.text)
    RTCAlarm_IRQHandler                      0x080001c3   Thumb Code     0  startup_stm32f10x_md.o(.text)
    RTC_IRQHandler                           0x080001c3   Thumb Code     0  startup_stm32f10x_md.o(.text)
    SPI1_IRQHandler                          0x080001c3   Thumb Code     0  startup_stm32f10x_md.o(.text)
    SPI2_IRQHandler                          0x080001c3   Thumb Code     0  startup_stm32f10x_md.o(.text)
    TAMPER_IRQHandler                        0x080001c3   Thumb Code     0  startup_stm32f10x_md.o(.text)
    TIM1_BRK_IRQHandler                      0x080001c3   Thumb Code     0  startup_stm32f10x_md.o(.text)
    TIM1_CC_IRQHandler                       0x080001c3   Thumb Code     0  startup_stm32f10x_md.o(.text)
    TIM1_TRG_COM_IRQHandler                  0x080001c3   Thumb Code     0  startup_stm32f10x_md.o(.text)
    TIM1_UP_IRQHandler                       0x080001c3   Thumb Code     0  startup_stm32f10x_md.o(.text)
    TIM3_IRQHandler                          0x080001c3   Thumb Code     0  startup_stm32f10x_md.o(.text)
    TIM4_IRQHandler                          0x080001c3   Thumb Code     0  startup_stm32f10x_md.o(.text)
    USART1_IRQHandler                        0x080001c3   Thumb Code     0  startup_stm32f10x_md.o(.text)
    USART2_IRQHandler                        0x080001c3   Thumb Code     0  startup_stm32f10x_md.o(.text)
    USART3_IRQHandler                        0x080001c3   Thumb Code     0  startup_stm32f10x_md.o(.text)
    USBWakeUp_IRQHandler                     0x080001c3   Thumb Code     0  startup_stm32f10x_md.o(.text)
    USB_HP_CAN1_TX_IRQHandler                0x080001c3   Thumb Code     0  startup_stm32f10x_md.o(.text)
    USB_LP_CAN1_RX0_IRQHandler               0x080001c3   Thumb Code     0  startup_stm32f10x_md.o(.text)
    WWDG_IRQHandler                          0x080001c3   Thumb Code     0  startup_stm32f10x_md.o(.text)
    __user_initial_stackheap                 0x080001c5   Thumb Code     0  startup_stm32f10x_md.o(.text)
    malloc                                   0x080001e9   Thumb Code    94  h1_alloc.o(.text)
    __2snprintf                              0x08000249   Thumb Code    48  noretval__2snprintf.o(.text)
    __printf                                 0x0800027d   Thumb Code   270  __printf_wp.o(.text)
    __use_two_region_memory                  0x0800038b   Thumb Code     2  heapauxi.o(.text)
    __rt_heap_escrow                         0x0800038d   Thumb Code     2  heapauxi.o(.text)
    __rt_heap_expand                         0x0800038f   Thumb Code     2  heapauxi.o(.text)
    __rt_heap_descriptor                     0x08000391   Thumb Code     8  rt_heap_descriptor_intlibspace.o(.text)
    __use_no_heap                            0x08000399   Thumb Code     2  hguard.o(.text)
    __heap$guard                             0x0800039b   Thumb Code     2  hguard.o(.text)
    _terminate_user_alloc                    0x0800039d   Thumb Code     2  init_alloc.o(.text)
    _init_user_alloc                         0x0800039f   Thumb Code     2  init_alloc.o(.text)
    __Heap_Full                              0x080003a1   Thumb Code    34  init_alloc.o(.text)
    __Heap_Broken                            0x080003c3   Thumb Code     6  init_alloc.o(.text)
    _init_alloc                              0x080003c9   Thumb Code    94  init_alloc.o(.text)
    __Heap_Initialize                        0x08000427   Thumb Code    10  h1_init.o(.text)
    __Heap_DescSize                          0x08000431   Thumb Code     4  h1_init.o(.text)
    free                                     0x08000435   Thumb Code    78  h1_free.o(.text)
    __lib_sel_fp_printf                      0x08000483   Thumb Code     2  _printf_fp_dec.o(.text)
    _printf_fp_dec_real                      0x08000635   Thumb Code   620  _printf_fp_dec.o(.text)
    _printf_char_common                      0x080008ab   Thumb Code    32  _printf_char_common.o(.text)
    _sputc                                   0x080008d1   Thumb Code    10  _sputc.o(.text)
    _snputc                                  0x080008db   Thumb Code    16  _snputc.o(.text)
    __user_libspace                          0x080008ed   Thumb Code     8  libspace.o(.text)
    __user_perproc_libspace                  0x080008ed   Thumb Code     0  libspace.o(.text)
    __user_perthread_libspace                0x080008ed   Thumb Code     0  libspace.o(.text)
    __rt_locale                              0x080008f5   Thumb Code     8  rt_locale_intlibspace.o(.text)
    __Heap_ProvideMemory                     0x080008fd   Thumb Code    52  h1_extend.o(.text)
    _ll_udiv10                               0x08000931   Thumb Code   138  lludiv10.o(.text)
    _printf_fp_infnan                        0x080009bd   Thumb Code   112  _printf_fp_infnan.o(.text)
    _btod_etento                             0x08000a3d   Thumb Code   224  bigflt0.o(.text)
    __rt_SIGRTMEM                            0x08000b21   Thumb Code    14  defsig_rtmem_outer.o(.text)
    __I$use$semihosting                      0x08000b2f   Thumb Code     0  use_no_semi.o(.text)
    __use_no_semihosting_swi                 0x08000b2f   Thumb Code     2  use_no_semi.o(.text)
    __semihosting_library_function           0x08000b31   Thumb Code     0  indicate_semi.o(.text)
    __user_setup_stackheap                   0x08000b31   Thumb Code    74  sys_stackheap_outer.o(.text)
    exit                                     0x08000b7b   Thumb Code    18  exit.o(.text)
    __sig_exit                               0x08000b8d   Thumb Code    10  defsig_exit.o(.text)
    __rt_SIGRTMEM_inner                      0x08000b99   Thumb Code    22  defsig_rtmem_inner.o(.text)
    strcmp                                   0x08000be9   Thumb Code   128  strcmpv7m.o(.text)
    _sys_exit                                0x08000c69   Thumb Code     8  sys_exit.o(.text)
    __default_signal_display                 0x08000c75   Thumb Code    50  defsig_general.o(.text)
    _ttywrch                                 0x08000ca7   Thumb Code    14  sys_wrch.o(.text)
    _btod_d2e                                0x08000cb5   Thumb Code    62  btod.o(CL$$btod_d2e)
    _d2e_denorm_low                          0x08000cf3   Thumb Code    70  btod.o(CL$$btod_d2e_denorm_low)
    _d2e_norm_op1                            0x08000d39   Thumb Code    96  btod.o(CL$$btod_d2e_norm_op1)
    __btod_div_common                        0x08000d99   Thumb Code   696  btod.o(CL$$btod_div_common)
    _e2e                                     0x080010d1   Thumb Code   220  btod.o(CL$$btod_e2e)
    _btod_ediv                               0x080011ad   Thumb Code    42  btod.o(CL$$btod_ediv)
    _btod_emul                               0x080011d7   Thumb Code    42  btod.o(CL$$btod_emul)
    __btod_mult_common                       0x08001201   Thumb Code   580  btod.o(CL$$btod_mult_common)
    BusFault_Handler                         0x08001445   Thumb Code     4  stm32f10x_it.o(i.BusFault_Handler)
    DebugMon_Handler                         0x08001449   Thumb Code     2  stm32f10x_it.o(i.DebugMon_Handler)
    Delay_ms                                 0x0800144b   Thumb Code    24  delay.o(i.Delay_ms)
    Delay_us                                 0x08001463   Thumb Code    46  delay.o(i.Delay_us)
    EXTI0_IRQHandler                         0x080014b5   Thumb Code    56  encoder.o(i.EXTI0_IRQHandler)
    EXTI15_10_IRQHandler                     0x080014f9   Thumb Code    40  countsensor.o(i.EXTI15_10_IRQHandler)
    EXTI1_IRQHandler                         0x08001525   Thumb Code    56  encoder.o(i.EXTI1_IRQHandler)
    EXTI_ClearITPendingBit                   0x08001569   Thumb Code     6  stm32f10x_exti.o(i.EXTI_ClearITPendingBit)
    EXTI_GetITStatus                         0x08001575   Thumb Code    34  stm32f10x_exti.o(i.EXTI_GetITStatus)
    EXTI_Init                                0x0800159d   Thumb Code   142  stm32f10x_exti.o(i.EXTI_Init)
    Encoder_Get                              0x08001631   Thumb Code    20  encoder.o(i.Encoder_Get)
    Encoder_Init                             0x08001649   Thumb Code   154  encoder.o(i.Encoder_Init)
    GPIO_EXTILineConfig                      0x080016e9   Thumb Code    60  stm32f10x_gpio.o(i.GPIO_EXTILineConfig)
    GPIO_Init                                0x08001729   Thumb Code   278  stm32f10x_gpio.o(i.GPIO_Init)
    GPIO_ReadInputDataBit                    0x0800183f   Thumb Code    18  stm32f10x_gpio.o(i.GPIO_ReadInputDataBit)
    GPIO_ResetBits                           0x08001851   Thumb Code     4  stm32f10x_gpio.o(i.GPIO_ResetBits)
    GPIO_SetBits                             0x08001855   Thumb Code     4  stm32f10x_gpio.o(i.GPIO_SetBits)
    GPIO_WriteBit                            0x08001859   Thumb Code    10  stm32f10x_gpio.o(i.GPIO_WriteBit)
    HardFault_Handler                        0x08001863   Thumb Code     4  stm32f10x_it.o(i.HardFault_Handler)
    Init_Menu                                0x08001869   Thumb Code   476  menu.o(i.Init_Menu)
    Key_Check                                0x08001aed   Thumb Code    32  key.o(i.Key_Check)
    Key_GetState                             0x08001b11   Thumb Code    80  key.o(i.Key_GetState)
    Key_Init                                 0x08001b69   Thumb Code    62  key.o(i.Key_Init)
    Key_Tick                                 0x08001bb1   Thumb Code   660  key.o(i.Key_Tick)
    LED1_ON                                  0x08001e61   Thumb Code    14  led.o(i.LED1_ON)
    LED2_ON                                  0x08001e75   Thumb Code    14  led.o(i.LED2_ON)
    LED3_ON                                  0x08001e89   Thumb Code    14  led.o(i.LED3_ON)
    LED4_ON                                  0x08001e9d   Thumb Code    14  led.o(i.LED4_ON)
    LED_Init                                 0x08001f11   Thumb Code    50  led.o(i.LED_Init)
    LED_Tick                                 0x08001fb1   Thumb Code   180  led.o(i.LED_Tick)
    MemManage_Handler                        0x08002075   Thumb Code     4  stm32f10x_it.o(i.MemManage_Handler)
    NMI_Handler                              0x08002079   Thumb Code     2  stm32f10x_it.o(i.NMI_Handler)
    NVIC_Init                                0x0800207d   Thumb Code   100  misc.o(i.NVIC_Init)
    NVIC_PriorityGroupConfig                 0x080020ed   Thumb Code    10  misc.o(i.NVIC_PriorityGroupConfig)
    OLED_Clear                               0x08002101   Thumb Code    42  oled.o(i.OLED_Clear)
    OLED_I2C_Init                            0x0800212d   Thumb Code    76  oled.o(i.OLED_I2C_Init)
    OLED_I2C_SendByte                        0x0800217d   Thumb Code    88  oled.o(i.OLED_I2C_SendByte)
    OLED_I2C_Start                           0x080021d9   Thumb Code    48  oled.o(i.OLED_I2C_Start)
    OLED_I2C_Stop                            0x0800220d   Thumb Code    36  oled.o(i.OLED_I2C_Stop)
    OLED_Init                                0x08002235   Thumb Code   174  oled.o(i.OLED_Init)
    OLED_SetCursor                           0x080022e3   Thumb Code    34  oled.o(i.OLED_SetCursor)
    OLED_ShowChar                            0x08002305   Thumb Code   110  oled.o(i.OLED_ShowChar)
    OLED_ShowString                          0x08002379   Thumb Code    40  oled.o(i.OLED_ShowString)
    OLED_WriteCommand                        0x080023a1   Thumb Code    32  oled.o(i.OLED_WriteCommand)
    OLED_WriteData                           0x080023c1   Thumb Code    32  oled.o(i.OLED_WriteData)
    PendSV_Handler                           0x08002591   Thumb Code     2  stm32f10x_it.o(i.PendSV_Handler)
    RCC_APB1PeriphClockCmd                   0x08002595   Thumb Code    26  stm32f10x_rcc.o(i.RCC_APB1PeriphClockCmd)
    RCC_APB2PeriphClockCmd                   0x080025b5   Thumb Code    26  stm32f10x_rcc.o(i.RCC_APB2PeriphClockCmd)
    SVC_Handler                              0x080025d5   Thumb Code     2  stm32f10x_it.o(i.SVC_Handler)
    SysTick_Handler                          0x080026c1   Thumb Code     2  stm32f10x_it.o(i.SysTick_Handler)
    SystemInit                               0x080026c5   Thumb Code    78  system_stm32f10x.o(i.SystemInit)
    TIM2_IRQHandler                          0x08002725   Thumb Code    32  main.o(i.TIM2_IRQHandler)
    TIM_ClearFlag                            0x08002745   Thumb Code     6  stm32f10x_tim.o(i.TIM_ClearFlag)
    TIM_ClearITPendingBit                    0x0800274b   Thumb Code     6  stm32f10x_tim.o(i.TIM_ClearITPendingBit)
    TIM_Cmd                                  0x08002751   Thumb Code    24  stm32f10x_tim.o(i.TIM_Cmd)
    TIM_GetITStatus                          0x08002769   Thumb Code    34  stm32f10x_tim.o(i.TIM_GetITStatus)
    TIM_ITConfig                             0x0800278b   Thumb Code    18  stm32f10x_tim.o(i.TIM_ITConfig)
    TIM_InternalClockConfig                  0x0800279d   Thumb Code    12  stm32f10x_tim.o(i.TIM_InternalClockConfig)
    TIM_TimeBaseInit                         0x080027a9   Thumb Code   122  stm32f10x_tim.o(i.TIM_TimeBaseInit)
    Timer_Init                               0x0800284d   Thumb Code   124  timer.o(i.Timer_Init)
    UsageFault_Handler                       0x080028c9   Thumb Code     4  stm32f10x_it.o(i.UsageFault_Handler)
    __ARM_fpclassify                         0x080028cd   Thumb Code    40  fpclassify.o(i.__ARM_fpclassify)
    _is_digit                                0x080028f5   Thumb Code    14  __printf_wp.o(i._is_digit)
    displayMainMenu                          0x0800295d   Thumb Code   310  menu.o(i.displayMainMenu)
    displayMenu                              0x08002aad   Thumb Code   374  menu.o(i.displayMenu)
    main                                     0x08002c39   Thumb Code    74  main.o(i.main)
    show_infor                               0x08002c95   Thumb Code    56  menu.o(i.show_infor)
    show_led_infor                           0x08002cd9   Thumb Code    76  menu.o(i.show_led_infor)
    show_menu_item                           0x08002d3d   Thumb Code   244  menu.o(i.show_menu_item)
    show_pid_infor                           0x08002e49   Thumb Code    64  menu.o(i.show_pid_infor)
    _get_lc_numeric                          0x08002e95   Thumb Code    44  lc_numeric_c.o(locale$$code)
    __aeabi_dadd                             0x08002ec1   Thumb Code     0  daddsub_clz.o(x$fpl$dadd)
    _dadd                                    0x08002ec1   Thumb Code   332  daddsub_clz.o(x$fpl$dadd)
    __aeabi_ddiv                             0x08003011   Thumb Code     0  ddiv.o(x$fpl$ddiv)
    _ddiv                                    0x08003011   Thumb Code   552  ddiv.o(x$fpl$ddiv)
    __fpl_dnaninf                            0x080032c1   Thumb Code   156  dnaninf.o(x$fpl$dnaninf)
    __fpl_dretinf                            0x0800335d   Thumb Code    12  dretinf.o(x$fpl$dretinf)
    __aeabi_drsub                            0x08003369   Thumb Code     0  daddsub_clz.o(x$fpl$drsb)
    _drsb                                    0x08003369   Thumb Code    22  daddsub_clz.o(x$fpl$drsb)
    __aeabi_dsub                             0x08003381   Thumb Code     0  daddsub_clz.o(x$fpl$dsub)
    _dsub                                    0x08003381   Thumb Code   464  daddsub_clz.o(x$fpl$dsub)
    _printf_fp_dec                           0x08003555   Thumb Code     4  printf1.o(x$fpl$printf1)
    OLED_F8x16                               0x08003558   Data        1520  oled.o(.constdata)
    __I$use$fp                               0x08003558   Number         0  usenofp.o(x$fpl$usenofp)
    Region$$Table$$Base                      0x08003bdc   Number         0  anon$$obj.o(Region$$Table)
    Region$$Table$$Limit                     0x08003bfc   Number         0  anon$$obj.o(Region$$Table)
    MenuIndex                                0x20000000   Data           1  menu.o(.data)
    CurrentMenu                              0x20000004   Data           4  menu.o(.data)
    led_speed_value                          0x20000008   Data           2  menu.o(.data)
    led_direction_value                      0x2000000a   Data           1  menu.o(.data)
    pid_kp_value                             0x20000010   Data           8  menu.o(.data)
    pid_ki_value                             0x20000018   Data           8  menu.o(.data)
    pid_kd_value                             0x20000020   Data           8  menu.o(.data)
    KeyPressed                               0x20000030   Data           1  menu.o(.data)
    LED1_Count                               0x20000032   Data           2  led.o(.data)
    Key_Flag                                 0x20000034   Data           4  key.o(.data)
    CountSensor_Count                        0x2000004e   Data           2  countsensor.o(.data)
    Encoder_Count                            0x20000050   Data           8  encoder.o(.data)
    exti0_count                              0x20000058   Data           4  encoder.o(.data)
    exti1_count                              0x2000005c   Data           4  encoder.o(.data)
    Main                                     0x20000060   Data          28  menu.o(.bss)
    LED_Control                              0x2000007c   Data          28  menu.o(.bss)
    LED_speed                                0x20000098   Data          28  menu.o(.bss)
    LED_direction                            0x200000b4   Data          28  menu.o(.bss)
    PID                                      0x200000d0   Data          28  menu.o(.bss)
    kp                                       0x200000ec   Data          28  menu.o(.bss)
    ki                                       0x20000108   Data          28  menu.o(.bss)
    kd                                       0x20000124   Data          28  menu.o(.bss)
    Image                                    0x20000140   Data          28  menu.o(.bss)
    Angle                                    0x2000015c   Data          28  menu.o(.bss)
    Image_child                              0x20000178   Data          28  menu.o(.bss)
    Angle_child                              0x20000194   Data          28  menu.o(.bss)
    __libspace_start                         0x200001d0   Data          96  libspace.o(.bss)
    __temporary_stack_top$libspace           0x20000230   Data           0  libspace.o(.bss)



==============================================================================

Memory Map of the image

  Image Entry point : 0x080000ed

  Load Region LR_IROM1 (Base: 0x08000000, Size: 0x00003c78, Max: 0x00010000, ABSOLUTE)

    Execution Region ER_IROM1 (Exec base: 0x08000000, Load base: 0x08000000, Size: 0x00003c18, Max: 0x00010000, ABSOLUTE)

    Exec Addr    Load Addr    Size         Type   Attr      Idx    E Section Name        Object

    0x08000000   0x08000000   0x000000ec   Data   RO            3    RESET               startup_stm32f10x_md.o
    0x080000ec   0x080000ec   0x00000008   Code   RO         3930  * !!!main             c_w.l(__main.o)
    0x080000f4   0x080000f4   0x00000034   Code   RO         4210    !!!scatter          c_w.l(__scatter.o)
    0x08000128   0x08000128   0x0000001a   Code   RO         4212    !!handler_copy      c_w.l(__scatter_copy.o)
    0x08000142   0x08000142   0x00000002   PAD
    0x08000144   0x08000144   0x0000001c   Code   RO         4214    !!handler_zi        c_w.l(__scatter_zi.o)
    0x08000160   0x08000160   0x00000000   Code   RO         3927    .ARM.Collect$$_printf_percent$$00000000  c_w.l(_printf_percent.o)
    0x08000160   0x08000160   0x00000006   Code   RO         3926    .ARM.Collect$$_printf_percent$$00000003  c_w.l(_printf_f.o)
    0x08000166   0x08000166   0x00000004   Code   RO         3986    .ARM.Collect$$_printf_percent$$00000017  c_w.l(_printf_percent_end.o)
    0x0800016a   0x0800016a   0x00000002   Code   RO         4149    .ARM.Collect$$libinit$$00000000  c_w.l(libinit.o)
    0x0800016c   0x0800016c   0x00000000   Code   RO         3992    .ARM.Collect$$libinit$$00000002  c_w.l(libinit2.o)
    0x0800016c   0x0800016c   0x00000000   Code   RO         3994    .ARM.Collect$$libinit$$00000004  c_w.l(libinit2.o)
    0x0800016c   0x0800016c   0x00000008   Code   RO         3995    .ARM.Collect$$libinit$$00000005  c_w.l(libinit2.o)
    0x08000174   0x08000174   0x00000000   Code   RO         3997    .ARM.Collect$$libinit$$0000000A  c_w.l(libinit2.o)
    0x08000174   0x08000174   0x00000000   Code   RO         3999    .ARM.Collect$$libinit$$0000000C  c_w.l(libinit2.o)
    0x08000174   0x08000174   0x00000000   Code   RO         4001    .ARM.Collect$$libinit$$0000000E  c_w.l(libinit2.o)
    0x08000174   0x08000174   0x00000006   Code   RO         4002    .ARM.Collect$$libinit$$0000000F  c_w.l(libinit2.o)
    0x0800017a   0x0800017a   0x00000000   Code   RO         4004    .ARM.Collect$$libinit$$00000011  c_w.l(libinit2.o)
    0x0800017a   0x0800017a   0x00000000   Code   RO         4006    .ARM.Collect$$libinit$$00000013  c_w.l(libinit2.o)
    0x0800017a   0x0800017a   0x00000000   Code   RO         4008    .ARM.Collect$$libinit$$00000015  c_w.l(libinit2.o)
    0x0800017a   0x0800017a   0x0000000a   Code   RO         4009    .ARM.Collect$$libinit$$00000016  c_w.l(libinit2.o)
    0x08000184   0x08000184   0x00000000   Code   RO         4010    .ARM.Collect$$libinit$$00000017  c_w.l(libinit2.o)
    0x08000184   0x08000184   0x00000000   Code   RO         4012    .ARM.Collect$$libinit$$00000019  c_w.l(libinit2.o)
    0x08000184   0x08000184   0x00000000   Code   RO         4014    .ARM.Collect$$libinit$$0000001B  c_w.l(libinit2.o)
    0x08000184   0x08000184   0x00000000   Code   RO         4016    .ARM.Collect$$libinit$$0000001D  c_w.l(libinit2.o)
    0x08000184   0x08000184   0x00000000   Code   RO         4018    .ARM.Collect$$libinit$$0000001F  c_w.l(libinit2.o)
    0x08000184   0x08000184   0x00000000   Code   RO         4020    .ARM.Collect$$libinit$$00000021  c_w.l(libinit2.o)
    0x08000184   0x08000184   0x00000000   Code   RO         4022    .ARM.Collect$$libinit$$00000023  c_w.l(libinit2.o)
    0x08000184   0x08000184   0x00000000   Code   RO         4024    .ARM.Collect$$libinit$$00000025  c_w.l(libinit2.o)
    0x08000184   0x08000184   0x00000000   Code   RO         4028    .ARM.Collect$$libinit$$0000002C  c_w.l(libinit2.o)
    0x08000184   0x08000184   0x00000000   Code   RO         4030    .ARM.Collect$$libinit$$0000002E  c_w.l(libinit2.o)
    0x08000184   0x08000184   0x00000000   Code   RO         4032    .ARM.Collect$$libinit$$00000030  c_w.l(libinit2.o)
    0x08000184   0x08000184   0x00000000   Code   RO         4034    .ARM.Collect$$libinit$$00000032  c_w.l(libinit2.o)
    0x08000184   0x08000184   0x00000002   Code   RO         4035    .ARM.Collect$$libinit$$00000033  c_w.l(libinit2.o)
    0x08000186   0x08000186   0x00000002   Code   RO         4207    .ARM.Collect$$libshutdown$$00000000  c_w.l(libshutdown.o)
    0x08000188   0x08000188   0x00000000   Code   RO         4163    .ARM.Collect$$libshutdown$$00000002  c_w.l(libshutdown2.o)
    0x08000188   0x08000188   0x00000000   Code   RO         4165    .ARM.Collect$$libshutdown$$00000004  c_w.l(libshutdown2.o)
    0x08000188   0x08000188   0x00000000   Code   RO         4168    .ARM.Collect$$libshutdown$$00000007  c_w.l(libshutdown2.o)
    0x08000188   0x08000188   0x00000000   Code   RO         4171    .ARM.Collect$$libshutdown$$0000000A  c_w.l(libshutdown2.o)
    0x08000188   0x08000188   0x00000000   Code   RO         4173    .ARM.Collect$$libshutdown$$0000000C  c_w.l(libshutdown2.o)
    0x08000188   0x08000188   0x00000000   Code   RO         4176    .ARM.Collect$$libshutdown$$0000000F  c_w.l(libshutdown2.o)
    0x08000188   0x08000188   0x00000002   Code   RO         4177    .ARM.Collect$$libshutdown$$00000010  c_w.l(libshutdown2.o)
    0x0800018a   0x0800018a   0x00000000   Code   RO         3946    .ARM.Collect$$rtentry$$00000000  c_w.l(__rtentry.o)
    0x0800018a   0x0800018a   0x00000000   Code   RO         4047    .ARM.Collect$$rtentry$$00000002  c_w.l(__rtentry2.o)
    0x0800018a   0x0800018a   0x00000006   Code   RO         4059    .ARM.Collect$$rtentry$$00000004  c_w.l(__rtentry4.o)
    0x08000190   0x08000190   0x00000000   Code   RO         4049    .ARM.Collect$$rtentry$$00000009  c_w.l(__rtentry2.o)
    0x08000190   0x08000190   0x00000004   Code   RO         4050    .ARM.Collect$$rtentry$$0000000A  c_w.l(__rtentry2.o)
    0x08000194   0x08000194   0x00000000   Code   RO         4052    .ARM.Collect$$rtentry$$0000000C  c_w.l(__rtentry2.o)
    0x08000194   0x08000194   0x00000008   Code   RO         4053    .ARM.Collect$$rtentry$$0000000D  c_w.l(__rtentry2.o)
    0x0800019c   0x0800019c   0x00000002   Code   RO         4152    .ARM.Collect$$rtexit$$00000000  c_w.l(rtexit.o)
    0x0800019e   0x0800019e   0x00000000   Code   RO         4181    .ARM.Collect$$rtexit$$00000002  c_w.l(rtexit2.o)
    0x0800019e   0x0800019e   0x00000004   Code   RO         4182    .ARM.Collect$$rtexit$$00000003  c_w.l(rtexit2.o)
    0x080001a2   0x080001a2   0x00000006   Code   RO         4183    .ARM.Collect$$rtexit$$00000004  c_w.l(rtexit2.o)
    0x080001a8   0x080001a8   0x00000000   Code   RO         4068    .emb_text           c_w.l(maybetermalloc1.o)
    0x080001a8   0x080001a8   0x00000040   Code   RO            4    .text               startup_stm32f10x_md.o
    0x080001e8   0x080001e8   0x0000005e   Code   RO         3846    .text               c_w.l(h1_alloc.o)
    0x08000246   0x08000246   0x00000002   PAD
    0x08000248   0x08000248   0x00000034   Code   RO         3902    .text               c_w.l(noretval__2snprintf.o)
    0x0800027c   0x0800027c   0x0000010e   Code   RO         3914    .text               c_w.l(__printf_wp.o)
    0x0800038a   0x0800038a   0x00000006   Code   RO         3928    .text               c_w.l(heapauxi.o)
    0x08000390   0x08000390   0x00000008   Code   RO         3950    .text               c_w.l(rt_heap_descriptor_intlibspace.o)
    0x08000398   0x08000398   0x00000004   Code   RO         3952    .text               c_w.l(hguard.o)
    0x0800039c   0x0800039c   0x0000008a   Code   RO         3954    .text               c_w.l(init_alloc.o)
    0x08000426   0x08000426   0x0000000e   Code   RO         3960    .text               c_w.l(h1_init.o)
    0x08000434   0x08000434   0x0000004e   Code   RO         3962    .text               c_w.l(h1_free.o)
    0x08000482   0x08000482   0x0000041e   Code   RO         3978    .text               c_w.l(_printf_fp_dec.o)
    0x080008a0   0x080008a0   0x00000030   Code   RO         3980    .text               c_w.l(_printf_char_common.o)
    0x080008d0   0x080008d0   0x0000000a   Code   RO         3982    .text               c_w.l(_sputc.o)
    0x080008da   0x080008da   0x00000010   Code   RO         3984    .text               c_w.l(_snputc.o)
    0x080008ea   0x080008ea   0x00000002   PAD
    0x080008ec   0x080008ec   0x00000008   Code   RO         4043    .text               c_w.l(libspace.o)
    0x080008f4   0x080008f4   0x00000008   Code   RO         4064    .text               c_w.l(rt_locale_intlibspace.o)
    0x080008fc   0x080008fc   0x00000034   Code   RO         4070    .text               c_w.l(h1_extend.o)
    0x08000930   0x08000930   0x0000008a   Code   RO         4074    .text               c_w.l(lludiv10.o)
    0x080009ba   0x080009ba   0x00000002   PAD
    0x080009bc   0x080009bc   0x00000080   Code   RO         4076    .text               c_w.l(_printf_fp_infnan.o)
    0x08000a3c   0x08000a3c   0x000000e4   Code   RO         4080    .text               c_w.l(bigflt0.o)
    0x08000b20   0x08000b20   0x0000000e   Code   RO         4108    .text               c_w.l(defsig_rtmem_outer.o)
    0x08000b2e   0x08000b2e   0x00000002   Code   RO         4123    .text               c_w.l(use_no_semi.o)
    0x08000b30   0x08000b30   0x00000000   Code   RO         4125    .text               c_w.l(indicate_semi.o)
    0x08000b30   0x08000b30   0x0000004a   Code   RO         4126    .text               c_w.l(sys_stackheap_outer.o)
    0x08000b7a   0x08000b7a   0x00000012   Code   RO         4132    .text               c_w.l(exit.o)
    0x08000b8c   0x08000b8c   0x0000000a   Code   RO         4134    .text               c_w.l(defsig_exit.o)
    0x08000b96   0x08000b96   0x00000002   PAD
    0x08000b98   0x08000b98   0x00000050   Code   RO         4136    .text               c_w.l(defsig_rtmem_inner.o)
    0x08000be8   0x08000be8   0x00000080   Code   RO         4138    .text               c_w.l(strcmpv7m.o)
    0x08000c68   0x08000c68   0x0000000c   Code   RO         4150    .text               c_w.l(sys_exit.o)
    0x08000c74   0x08000c74   0x00000032   Code   RO         4160    .text               c_w.l(defsig_general.o)
    0x08000ca6   0x08000ca6   0x0000000e   Code   RO         4178    .text               c_w.l(sys_wrch.o)
    0x08000cb4   0x08000cb4   0x0000003e   Code   RO         4083    CL$$btod_d2e        c_w.l(btod.o)
    0x08000cf2   0x08000cf2   0x00000046   Code   RO         4085    CL$$btod_d2e_denorm_low  c_w.l(btod.o)
    0x08000d38   0x08000d38   0x00000060   Code   RO         4084    CL$$btod_d2e_norm_op1  c_w.l(btod.o)
    0x08000d98   0x08000d98   0x00000338   Code   RO         4093    CL$$btod_div_common  c_w.l(btod.o)
    0x080010d0   0x080010d0   0x000000dc   Code   RO         4090    CL$$btod_e2e        c_w.l(btod.o)
    0x080011ac   0x080011ac   0x0000002a   Code   RO         4087    CL$$btod_ediv       c_w.l(btod.o)
    0x080011d6   0x080011d6   0x0000002a   Code   RO         4086    CL$$btod_emul       c_w.l(btod.o)
    0x08001200   0x08001200   0x00000244   Code   RO         4092    CL$$btod_mult_common  c_w.l(btod.o)
    0x08001444   0x08001444   0x00000004   Code   RO         3779    i.BusFault_Handler  stm32f10x_it.o
    0x08001448   0x08001448   0x00000002   Code   RO         3780    i.DebugMon_Handler  stm32f10x_it.o
    0x0800144a   0x0800144a   0x00000018   Code   RO         3279    i.Delay_ms          delay.o
    0x08001462   0x08001462   0x0000002e   Code   RO         3281    i.Delay_us          delay.o
    0x08001490   0x08001490   0x00000024   Code   RO         3303    i.DoubleToChar      menu.o
    0x080014b4   0x080014b4   0x00000044   Code   RO         3719    i.EXTI0_IRQHandler  encoder.o
    0x080014f8   0x080014f8   0x0000002c   Code   RO         3691    i.EXTI15_10_IRQHandler  countsensor.o
    0x08001524   0x08001524   0x00000044   Code   RO         3720    i.EXTI1_IRQHandler  encoder.o
    0x08001568   0x08001568   0x0000000c   Code   RO          985    i.EXTI_ClearITPendingBit  stm32f10x_exti.o
    0x08001574   0x08001574   0x00000028   Code   RO          989    i.EXTI_GetITStatus  stm32f10x_exti.o
    0x0800159c   0x0800159c   0x00000094   Code   RO          990    i.EXTI_Init         stm32f10x_exti.o
    0x08001630   0x08001630   0x00000018   Code   RO         3721    i.Encoder_Get       encoder.o
    0x08001648   0x08001648   0x000000a0   Code   RO         3722    i.Encoder_Init      encoder.o
    0x080016e8   0x080016e8   0x00000040   Code   RO         1424    i.GPIO_EXTILineConfig  stm32f10x_gpio.o
    0x08001728   0x08001728   0x00000116   Code   RO         1427    i.GPIO_Init         stm32f10x_gpio.o
    0x0800183e   0x0800183e   0x00000012   Code   RO         1431    i.GPIO_ReadInputDataBit  stm32f10x_gpio.o
    0x08001850   0x08001850   0x00000004   Code   RO         1434    i.GPIO_ResetBits    stm32f10x_gpio.o
    0x08001854   0x08001854   0x00000004   Code   RO         1435    i.GPIO_SetBits      stm32f10x_gpio.o
    0x08001858   0x08001858   0x0000000a   Code   RO         1438    i.GPIO_WriteBit     stm32f10x_gpio.o
    0x08001862   0x08001862   0x00000004   Code   RO         3781    i.HardFault_Handler  stm32f10x_it.o
    0x08001866   0x08001866   0x00000002   PAD
    0x08001868   0x08001868   0x00000284   Code   RO         3304    i.Init_Menu         menu.o
    0x08001aec   0x08001aec   0x00000024   Code   RO         3500    i.Key_Check         key.o
    0x08001b10   0x08001b10   0x00000058   Code   RO         3501    i.Key_GetState      key.o
    0x08001b68   0x08001b68   0x00000048   Code   RO         3502    i.Key_Init          key.o
    0x08001bb0   0x08001bb0   0x000002b0   Code   RO         3503    i.Key_Tick          key.o
    0x08001e60   0x08001e60   0x00000014   Code   RO         3428    i.LED1_ON           led.o
    0x08001e74   0x08001e74   0x00000014   Code   RO         3430    i.LED2_ON           led.o
    0x08001e88   0x08001e88   0x00000014   Code   RO         3432    i.LED3_ON           led.o
    0x08001e9c   0x08001e9c   0x00000014   Code   RO         3434    i.LED4_ON           led.o
    0x08001eb0   0x08001eb0   0x00000060   Code   RO         3305    i.LED_Direction_Func  menu.o
    0x08001f10   0x08001f10   0x00000038   Code   RO         3435    i.LED_Init          led.o
    0x08001f48   0x08001f48   0x00000068   Code   RO         3306    i.LED_Speed_Func    menu.o
    0x08001fb0   0x08001fb0   0x000000c4   Code   RO         3436    i.LED_Tick          led.o
    0x08002074   0x08002074   0x00000004   Code   RO         3782    i.MemManage_Handler  stm32f10x_it.o
    0x08002078   0x08002078   0x00000002   Code   RO         3783    i.NMI_Handler       stm32f10x_it.o
    0x0800207a   0x0800207a   0x00000002   PAD
    0x0800207c   0x0800207c   0x00000070   Code   RO          137    i.NVIC_Init         misc.o
    0x080020ec   0x080020ec   0x00000014   Code   RO          138    i.NVIC_PriorityGroupConfig  misc.o
    0x08002100   0x08002100   0x0000002a   Code   RO         3581    i.OLED_Clear        oled.o
    0x0800212a   0x0800212a   0x00000002   PAD
    0x0800212c   0x0800212c   0x00000050   Code   RO         3582    i.OLED_I2C_Init     oled.o
    0x0800217c   0x0800217c   0x0000005c   Code   RO         3583    i.OLED_I2C_SendByte  oled.o
    0x080021d8   0x080021d8   0x00000034   Code   RO         3584    i.OLED_I2C_Start    oled.o
    0x0800220c   0x0800220c   0x00000028   Code   RO         3585    i.OLED_I2C_Stop     oled.o
    0x08002234   0x08002234   0x000000ae   Code   RO         3586    i.OLED_Init         oled.o
    0x080022e2   0x080022e2   0x00000022   Code   RO         3588    i.OLED_SetCursor    oled.o
    0x08002304   0x08002304   0x00000074   Code   RO         3590    i.OLED_ShowChar     oled.o
    0x08002378   0x08002378   0x00000028   Code   RO         3594    i.OLED_ShowString   oled.o
    0x080023a0   0x080023a0   0x00000020   Code   RO         3595    i.OLED_WriteCommand  oled.o
    0x080023c0   0x080023c0   0x00000020   Code   RO         3596    i.OLED_WriteData    oled.o
    0x080023e0   0x080023e0   0x00000090   Code   RO         3307    i.PID_Kd_Func       menu.o
    0x08002470   0x08002470   0x00000090   Code   RO         3308    i.PID_Ki_Func       menu.o
    0x08002500   0x08002500   0x00000090   Code   RO         3309    i.PID_Kp_Func       menu.o
    0x08002590   0x08002590   0x00000002   Code   RO         3784    i.PendSV_Handler    stm32f10x_it.o
    0x08002592   0x08002592   0x00000002   PAD
    0x08002594   0x08002594   0x00000020   Code   RO         1858    i.RCC_APB1PeriphClockCmd  stm32f10x_rcc.o
    0x080025b4   0x080025b4   0x00000020   Code   RO         1860    i.RCC_APB2PeriphClockCmd  stm32f10x_rcc.o
    0x080025d4   0x080025d4   0x00000002   Code   RO         3785    i.SVC_Handler       stm32f10x_it.o
    0x080025d6   0x080025d6   0x00000008   Code   RO           24    i.SetSysClock       system_stm32f10x.o
    0x080025de   0x080025de   0x00000002   PAD
    0x080025e0   0x080025e0   0x000000e0   Code   RO           25    i.SetSysClockTo72   system_stm32f10x.o
    0x080026c0   0x080026c0   0x00000002   Code   RO         3786    i.SysTick_Handler   stm32f10x_it.o
    0x080026c2   0x080026c2   0x00000002   PAD
    0x080026c4   0x080026c4   0x00000060   Code   RO           27    i.SystemInit        system_stm32f10x.o
    0x08002724   0x08002724   0x00000020   Code   RO         3752    i.TIM2_IRQHandler   main.o
    0x08002744   0x08002744   0x00000006   Code   RO         2498    i.TIM_ClearFlag     stm32f10x_tim.o
    0x0800274a   0x0800274a   0x00000006   Code   RO         2499    i.TIM_ClearITPendingBit  stm32f10x_tim.o
    0x08002750   0x08002750   0x00000018   Code   RO         2504    i.TIM_Cmd           stm32f10x_tim.o
    0x08002768   0x08002768   0x00000022   Code   RO         2525    i.TIM_GetITStatus   stm32f10x_tim.o
    0x0800278a   0x0800278a   0x00000012   Code   RO         2529    i.TIM_ITConfig      stm32f10x_tim.o
    0x0800279c   0x0800279c   0x0000000c   Code   RO         2531    i.TIM_InternalClockConfig  stm32f10x_tim.o
    0x080027a8   0x080027a8   0x000000a4   Code   RO         2575    i.TIM_TimeBaseInit  stm32f10x_tim.o
    0x0800284c   0x0800284c   0x0000007c   Code   RO         3414    i.Timer_Init        timer.o
    0x080028c8   0x080028c8   0x00000004   Code   RO         3787    i.UsageFault_Handler  stm32f10x_it.o
    0x080028cc   0x080028cc   0x00000028   Code   RO         4121    i.__ARM_fpclassify  m_ws.l(fpclassify.o)
    0x080028f4   0x080028f4   0x0000000e   Code   RO         3916    i._is_digit         c_w.l(__printf_wp.o)
    0x08002902   0x08002902   0x00000002   PAD
    0x08002904   0x08002904   0x0000001c   Code   RO         3310    i.changeLEDDirection  menu.o
    0x08002920   0x08002920   0x0000003c   Code   RO         3311    i.changeLEDSpeed    menu.o
    0x0800295c   0x0800295c   0x00000150   Code   RO         3312    i.displayMainMenu   menu.o
    0x08002aac   0x08002aac   0x0000018c   Code   RO         3313    i.displayMenu       menu.o
    0x08002c38   0x08002c38   0x0000005c   Code   RO         3753    i.main              main.o
    0x08002c94   0x08002c94   0x00000044   Code   RO         3314    i.show_infor        menu.o
    0x08002cd8   0x08002cd8   0x00000064   Code   RO         3315    i.show_led_infor    menu.o
    0x08002d3c   0x08002d3c   0x0000010c   Code   RO         3316    i.show_menu_item    menu.o
    0x08002e48   0x08002e48   0x0000004c   Code   RO         3317    i.show_pid_infor    menu.o
    0x08002e94   0x08002e94   0x0000002c   Code   RO         4106    locale$$code        c_w.l(lc_numeric_c.o)
    0x08002ec0   0x08002ec0   0x00000150   Code   RO         3932    x$fpl$dadd          fz_ws.l(daddsub_clz.o)
    0x08003010   0x08003010   0x000002b0   Code   RO         3939    x$fpl$ddiv          fz_ws.l(ddiv.o)
    0x080032c0   0x080032c0   0x0000009c   Code   RO         4036    x$fpl$dnaninf       fz_ws.l(dnaninf.o)
    0x0800335c   0x0800335c   0x0000000c   Code   RO         4038    x$fpl$dretinf       fz_ws.l(dretinf.o)
    0x08003368   0x08003368   0x00000016   Code   RO         3933    x$fpl$drsb          fz_ws.l(daddsub_clz.o)
    0x0800337e   0x0800337e   0x00000002   PAD
    0x08003380   0x08003380   0x000001d4   Code   RO         3934    x$fpl$dsub          fz_ws.l(daddsub_clz.o)
    0x08003554   0x08003554   0x00000004   Code   RO         3942    x$fpl$printf1       fz_ws.l(printf1.o)
    0x08003558   0x08003558   0x00000000   Code   RO         4040    x$fpl$usenofp       fz_ws.l(usenofp.o)
    0x08003558   0x08003558   0x000005f0   Data   RO         3597    .constdata          oled.o
    0x08003b48   0x08003b48   0x00000094   Data   RO         4081    .constdata          c_w.l(bigflt0.o)
    0x08003bdc   0x08003bdc   0x00000020   Data   RO         4208    Region$$Table       anon$$obj.o
    0x08003bfc   0x08003bfc   0x0000001c   Data   RO         4105    locale$$data        c_w.l(lc_numeric_c.o)


    Execution Region RW_IRAM1 (Exec base: 0x20000000, Load base: 0x08003c18, Size: 0x00000830, Max: 0x00005000, ABSOLUTE)

    Exec Addr    Load Addr    Size         Type   Attr      Idx    E Section Name        Object

    0x20000000   0x08003c18   0x00000031   Data   RW         3319    .data               menu.o
    0x20000031   0x08003c49   0x00000001   PAD
    0x20000032   0x08003c4a   0x00000002   Data   RW         3437    .data               led.o
    0x20000034   0x08003c4c   0x0000001a   Data   RW         3504    .data               key.o
    0x2000004e   0x08003c66   0x00000002   Data   RW         3692    .data               countsensor.o
    0x20000050   0x08003c68   0x00000010   Data   RW         3723    .data               encoder.o
    0x20000060        -       0x00000170   Zero   RW         3318    .bss                menu.o
    0x200001d0        -       0x00000060   Zero   RW         4044    .bss                c_w.l(libspace.o)
    0x20000230        -       0x00000200   Zero   RW            2    HEAP                startup_stm32f10x_md.o
    0x20000430        -       0x00000400   Zero   RW            1    STACK               startup_stm32f10x_md.o


==============================================================================

Image component sizes


      Code (inc. data)   RO Data    RW Data    ZI Data      Debug   Object Name

         0          0          0          0          0       4500   core_cm3.o
        44          4          0          2          0        643   countsensor.o
        70          0          0          0          0        858   delay.o
       320         34          0         16          0       2423   encoder.o
       884         50          0         26          0       3000   key.o
       332         46          0          2          0       3561   led.o
       124         18          0          0          0        853   main.o
      2644        390          0         49        368       9320   menu.o
       132         22          0          0          0     206683   misc.o
       734         22       1520          0          0       5883   oled.o
        64         26        236          0       1536        784   startup_stm32f10x_md.o
         0          0          0          0          0       1624   stm32f10x_adc.o
       200         18          0          0          0       3916   stm32f10x_exti.o
       378          4          0          0          0      12638   stm32f10x_gpio.o
        26          0          0          0          0       3422   stm32f10x_it.o
        64         12          0          0          0       1002   stm32f10x_rcc.o
       264         42          0          0          0      24308   stm32f10x_tim.o
       328         28          0          0          0      30273   system_stm32f10x.o
       124          0          0          0          0        509   timer.o

    ----------------------------------------------------------------------
      6744        716       1788         96       1904     316200   Object Totals
         0          0         32          0          0          0   (incl. Generated)
        12          0          0          1          0          0   (incl. Padding)

    ----------------------------------------------------------------------

      Code (inc. data)   RO Data    RW Data    ZI Data      Debug   Library Member Name

         8          0          0          0          0         68   __main.o
       284          0          0          0          0        156   __printf_wp.o
         0          0          0          0          0          0   __rtentry.o
        12          0          0          0          0          0   __rtentry2.o
         6          0          0          0          0          0   __rtentry4.o
        52          8          0          0          0          0   __scatter.o
        26          0          0          0          0          0   __scatter_copy.o
        28          0          0          0          0          0   __scatter_zi.o
        48          6          0          0          0         96   _printf_char_common.o
         6          0          0          0          0          0   _printf_f.o
      1054          0          0          0          0        216   _printf_fp_dec.o
       128         16          0          0          0         84   _printf_fp_infnan.o
         0          0          0          0          0          0   _printf_percent.o
         4          0          0          0          0          0   _printf_percent_end.o
        16          0          0          0          0         68   _snputc.o
        10          0          0          0          0         68   _sputc.o
       228          4        148          0          0         96   bigflt0.o
      1936        128          0          0          0        672   btod.o
        10          0          0          0          0         68   defsig_exit.o
        50          0          0          0          0         88   defsig_general.o
        80         58          0          0          0         76   defsig_rtmem_inner.o
        14          0          0          0          0         80   defsig_rtmem_outer.o
        18          0          0          0          0         80   exit.o
        94          0          0          0          0         80   h1_alloc.o
        52          0          0          0          0         68   h1_extend.o
        78          0          0          0          0         80   h1_free.o
        14          0          0          0          0         84   h1_init.o
         6          0          0          0          0        152   heapauxi.o
         4          0          0          0          0        136   hguard.o
         0          0          0          0          0          0   indicate_semi.o
       138          0          0          0          0        168   init_alloc.o
        44         10         28          0          0         76   lc_numeric_c.o
         2          0          0          0          0          0   libinit.o
        26          0          0          0          0          0   libinit2.o
         2          0          0          0          0          0   libshutdown.o
         2          0          0          0          0          0   libshutdown2.o
         8          4          0          0         96         68   libspace.o
       138          0          0          0          0         80   lludiv10.o
         0          0          0          0          0          0   maybetermalloc1.o
        52          4          0          0          0         84   noretval__2snprintf.o
         8          4          0          0          0         68   rt_heap_descriptor_intlibspace.o
         8          4          0          0          0         68   rt_locale_intlibspace.o
         2          0          0          0          0          0   rtexit.o
        10          0          0          0          0          0   rtexit2.o
       128          0          0          0          0         68   strcmpv7m.o
        12          4          0          0          0         68   sys_exit.o
        74          0          0          0          0         80   sys_stackheap_outer.o
        14          0          0          0          0         76   sys_wrch.o
         2          0          0          0          0         68   use_no_semi.o
       826         16          0          0          0        348   daddsub_clz.o
       688        140          0          0          0        208   ddiv.o
       156          4          0          0          0         92   dnaninf.o
        12          0          0          0          0         68   dretinf.o
         4          0          0          0          0         68   printf1.o
         0          0          0          0          0          0   usenofp.o
        40          0          0          0          0         68   fpclassify.o

    ----------------------------------------------------------------------
      6676        410        176          0         96       4340   Library Totals
        14          0          0          0          0          0   (incl. Padding)

    ----------------------------------------------------------------------

      Code (inc. data)   RO Data    RW Data    ZI Data      Debug   Library Name

      4936        250        176          0         96       3488   c_w.l
      1686        160          0          0          0        784   fz_ws.l
        40          0          0          0          0         68   m_ws.l

    ----------------------------------------------------------------------
      6676        410        176          0         96       4340   Library Totals

    ----------------------------------------------------------------------

==============================================================================


      Code (inc. data)   RO Data    RW Data    ZI Data      Debug   

     13420       1126       1964         96       2000     314296   Grand Totals
     13420       1126       1964         96       2000     314296   ELF Image Totals
     13420       1126       1964         96          0          0   ROM Totals

==============================================================================

    Total RO  Size (Code + RO Data)                15384 (  15.02kB)
    Total RW  Size (RW Data + ZI Data)              2096 (   2.05kB)
    Total ROM Size (Code + RO Data + RW Data)      15480 (  15.12kB)

==============================================================================

